=== spider2.0-lite (Tue Sep  8 11:06:01 EDT 2026) ===
[spider2.0-lite] Running 23 questions with 4 workers
[spider2.0-lite] [1/23] qid=1 db=Baseball MISS
[spider2.0-lite] [2/23] qid=0 db=E_commerce MISS
[spider2.0-lite] [3/23] qid=3 db=WWE MISS
[spider2.0-lite] [4/23] qid=2 db=California_Traffic_Collision MISS
[spider2.0-lite] [5/23] qid=4 db=IPL MISS
[spider2.0-lite] [6/23] qid=5 db=IPL MISS
[spider2.0-lite] [7/23] qid=6 db=Brazilian_E_Commerce MISS
[spider2.0-lite] [8/23] qid=7 db=Pagila MISS
[spider2.0-lite] [9/23] qid=8 db=Pagila MISS
[spider2.0-lite] [10/23] qid=9 db=education_business MISS
[spider2.0-lite] [11/23] qid=10 db=modern_data MISS
[spider2.0-lite] [12/23] qid=11 db=modern_data MISS
[spider2.0-lite] [13/23] qid=13 db=bank_sales_trading MISS
[spider2.0-lite] [14/23] qid=15 db=EntertainmentAgency OK
[spider2.0-lite] [15/23] qid=16 db=education_business MISS
[spider2.0-lite] [16/23] qid=17 db=sqlite-sakila MISS
[spider2.0-lite] [17/23] qid=12 db=bank_sales_trading MISS
[spider2.0-lite] [18/23] qid=18 db=sqlite-sakila MISS
[spider2.0-lite] [19/23] qid=19 db=delivery_center MISS
[spider2.0-lite] [20/23] qid=14 db=Db-IMDB MISS
[spider2.0-lite] [21/23] qid=20 db=EU_soccer MISS
[spider2.0-lite] [22/23] qid=21 db=bank_sales_trading MISS
[spider2.0-lite] [23/23] qid=22 db=f1 MISS

[spider2.0-lite] DONE. Execution Accuracy (EX): 1/23 = 4.35%
=== science-benchmark (Tue Sep  8 11:07:53 EDT 2026) ===
[science-benchmark] Running 299 questions with 4 workers
[science-benchmark] [1/299] qid=1 db=cordis OK
[science-benchmark] [2/299] qid=0 db=cordis OK
[science-benchmark] [3/299] qid=3 db=cordis MISS
[science-benchmark] [4/299] qid=2 db=cordis OK
[science-benchmark] [5/299] qid=5 db=cordis OK
[science-benchmark] [6/299] qid=4 db=cordis OK
[science-benchmark] [7/299] qid=6 db=cordis MISS
[science-benchmark] [8/299] qid=7 db=cordis OK
[science-benchmark] [9/299] qid=8 db=cordis OK
[science-benchmark] [10/299] qid=9 db=cordis OK
[science-benchmark] [11/299] qid=10 db=cordis MISS
[science-benchmark] [12/299] qid=11 db=cordis OK
[science-benchmark] [13/299] qid=12 db=cordis MISS
[science-benchmark] [14/299] qid=13 db=cordis MISS
[science-benchmark] [15/299] qid=14 db=cordis MISS
[science-benchmark] [16/299] qid=15 db=cordis OK
[science-benchmark] [17/299] qid=16 db=cordis OK
[science-benchmark] [18/299] qid=17 db=cordis OK
[science-benchmark] [19/299] qid=18 db=cordis MISS
[science-benchmark] [20/299] qid=19 db=cordis OK
[science-benchmark] [21/299] qid=20 db=cordis MISS
[science-benchmark] [22/299] qid=21 db=cordis OK
[science-benchmark] [23/299] qid=22 db=cordis OK
[science-benchmark] [24/299] qid=23 db=cordis OK
[science-benchmark] [25/299] qid=24 db=cordis MISS
[science-benchmark] [26/299] qid=25 db=cordis OK
[science-benchmark] [27/299] qid=26 db=cordis OK
[science-benchmark] [28/299] qid=27 db=cordis OK
[science-benchmark] [29/299] qid=28 db=cordis OK
[science-benchmark] [30/299] qid=29 db=cordis OK
[science-benchmark] [31/299] qid=30 db=cordis OK
[science-benchmark] [32/299] qid=31 db=cordis OK
[science-benchmark] [33/299] qid=32 db=cordis OK
[science-benchmark] [34/299] qid=33 db=cordis OK
[science-benchmark] [35/299] qid=34 db=cordis OK
[science-benchmark] [36/299] qid=35 db=cordis OK
[science-benchmark] [37/299] qid=36 db=cordis OK
[science-benchmark] [38/299] qid=37 db=cordis OK
[science-benchmark] [39/299] qid=38 db=cordis OK
[science-benchmark] [40/299] qid=39 db=cordis OK
[science-benchmark] [41/299] qid=40 db=cordis OK
[science-benchmark] [42/299] qid=41 db=cordis OK
[science-benchmark] [43/299] qid=42 db=cordis OK
[science-benchmark] [44/299] qid=43 db=cordis MISS
[science-benchmark] [45/299] qid=44 db=cordis MISS
[science-benchmark] [46/299] qid=45 db=cordis MISS
[science-benchmark] [47/299] qid=46 db=cordis OK
[science-benchmark] [48/299] qid=47 db=cordis MISS
[science-benchmark] [49/299] qid=48 db=cordis OK
[science-benchmark] [50/299] qid=49 db=cordis MISS
[science-benchmark] [51/299] qid=50 db=cordis MISS
[science-benchmark] [52/299] qid=51 db=cordis MISS
[science-benchmark] [53/299] qid=52 db=cordis MISS
[science-benchmark] [54/299] qid=53 db=cordis MISS
[science-benchmark] [55/299] qid=54 db=cordis MISS
[science-benchmark] [56/299] qid=55 db=cordis MISS
[science-benchmark] [57/299] qid=56 db=cordis MISS
[science-benchmark] [58/299] qid=57 db=cordis MISS
[science-benchmark] [59/299] qid=58 db=cordis MISS
[science-benchmark] [60/299] qid=59 db=cordis MISS
[science-benchmark] [61/299] qid=60 db=cordis MISS
[science-benchmark] [62/299] qid=61 db=cordis MISS
[science-benchmark] [63/299] qid=62 db=cordis MISS
[science-benchmark] [64/299] qid=63 db=cordis MISS
[science-benchmark] [65/299] qid=64 db=cordis MISS
[science-benchmark] [66/299] qid=65 db=cordis MISS
[science-benchmark] [67/299] qid=66 db=cordis MISS
[science-benchmark] [68/299] qid=67 db=cordis MISS
[science-benchmark] [69/299] qid=68 db=cordis MISS
[science-benchmark] [70/299] qid=69 db=cordis MISS
[science-benchmark] [71/299] qid=70 db=cordis MISS
[science-benchmark] [72/299] qid=71 db=cordis MISS
[science-benchmark] [73/299] qid=72 db=cordis MISS
[science-benchmark] [74/299] qid=73 db=cordis MISS
[science-benchmark] [75/299] qid=74 db=cordis MISS
[science-benchmark] [76/299] qid=75 db=cordis OK
[science-benchmark] [77/299] qid=76 db=cordis OK
[science-benchmark] [78/299] qid=77 db=cordis MISS
[science-benchmark] [79/299] qid=78 db=cordis MISS
[science-benchmark] [80/299] qid=79 db=cordis MISS
[science-benchmark] [81/299] qid=80 db=cordis MISS
[science-benchmark] [82/299] qid=81 db=cordis MISS
[science-benchmark] [83/299] qid=82 db=cordis MISS
[science-benchmark] [84/299] qid=83 db=cordis MISS
[science-benchmark] [85/299] qid=84 db=cordis MISS
[science-benchmark] [86/299] qid=85 db=cordis MISS
[science-benchmark] [87/299] qid=86 db=cordis MISS
[science-benchmark] [88/299] qid=87 db=cordis MISS
[science-benchmark] [89/299] qid=88 db=cordis MISS
[science-benchmark] [90/299] qid=89 db=cordis OK
[science-benchmark] [91/299] qid=90 db=cordis OK
[science-benchmark] [92/299] qid=91 db=cordis OK
[science-benchmark] [93/299] qid=92 db=cordis OK
[science-benchmark] [94/299] qid=93 db=cordis OK
[science-benchmark] [95/299] qid=94 db=cordis MISS
[science-benchmark] [96/299] qid=96 db=cordis OK
[science-benchmark] [97/299] qid=97 db=cordis MISS
[science-benchmark] [98/299] qid=98 db=cordis MISS
[science-benchmark] [99/299] qid=99 db=cordis MISS
[science-benchmark] [100/299] qid=100 db=sdss MISS
[science-benchmark] [101/299] qid=101 db=sdss MISS
[science-benchmark] [102/299] qid=104 db=sdss MISS
[science-benchmark] [103/299] qid=102 db=sdss MISS
[science-benchmark] [104/299] qid=105 db=sdss MISS
[science-benchmark] [105/299] qid=103 db=sdss MISS
[science-benchmark] [106/299] qid=95 db=cordis MISS
[science-benchmark] [107/299] qid=108 db=sdss MISS
[science-benchmark] [108/299] qid=109 db=sdss MISS
[science-benchmark] [109/299] qid=106 db=sdss MISS
[science-benchmark] [110/299] qid=110 db=sdss MISS
[science-benchmark] [111/299] qid=107 db=sdss MISS
[science-benchmark] [112/299] qid=112 db=sdss MISS
[science-benchmark] [113/299] qid=111 db=sdss MISS
[science-benchmark] [114/299] qid=113 db=sdss OK
[science-benchmark] [115/299] qid=114 db=sdss MISS
[science-benchmark] [116/299] qid=115 db=sdss MISS
[science-benchmark] [117/299] qid=116 db=sdss MISS
[science-benchmark] [118/299] qid=117 db=sdss MISS
[science-benchmark] [119/299] qid=120 db=sdss OK
[science-benchmark] [120/299] qid=121 db=sdss OK
[science-benchmark] [121/299] qid=118 db=sdss MISS
[science-benchmark] [122/299] qid=122 db=sdss OK
[science-benchmark] [123/299] qid=119 db=sdss MISS
[science-benchmark] [124/299] qid=124 db=sdss MISS
[science-benchmark] [125/299] qid=126 db=sdss MISS
[science-benchmark] [126/299] qid=123 db=sdss MISS
[science-benchmark] [127/299] qid=125 db=sdss MISS
[science-benchmark] [128/299] qid=127 db=sdss MISS
[science-benchmark] [129/299] qid=128 db=sdss MISS
[science-benchmark] [130/299] qid=129 db=sdss MISS
[science-benchmark] [131/299] qid=131 db=sdss MISS
[science-benchmark] [132/299] qid=132 db=sdss MISS
[science-benchmark] [133/299] qid=133 db=sdss MISS
[science-benchmark] [134/299] qid=134 db=sdss MISS
[science-benchmark] [135/299] qid=135 db=sdss MISS
[science-benchmark] [136/299] qid=136 db=sdss MISS
[science-benchmark] [137/299] qid=137 db=sdss MISS
[science-benchmark] [138/299] qid=130 db=sdss MISS
[science-benchmark] [139/299] qid=141 db=sdss MISS
[science-benchmark] [140/299] qid=140 db=sdss OK
[science-benchmark] [141/299] qid=139 db=sdss MISS
[science-benchmark] [142/299] qid=144 db=sdss MISS
[science-benchmark] [143/299] qid=138 db=sdss MISS
[science-benchmark] [144/299] qid=143 db=sdss MISS
[science-benchmark] [145/299] qid=145 db=sdss MISS
[science-benchmark] [146/299] qid=142 db=sdss MISS
[science-benchmark] [147/299] qid=148 db=sdss MISS
[science-benchmark] [148/299] qid=146 db=sdss MISS
[science-benchmark] [149/299] qid=147 db=sdss MISS
[science-benchmark] [150/299] qid=149 db=sdss MISS
[science-benchmark] [151/299] qid=152 db=sdss MISS
[science-benchmark] [152/299] qid=153 db=sdss MISS
[science-benchmark] [153/299] qid=154 db=sdss MISS
[science-benchmark] [154/299] qid=155 db=sdss MISS
[science-benchmark] [155/299] qid=151 db=sdss MISS
[science-benchmark] [156/299] qid=156 db=sdss MISS
[science-benchmark] [157/299] qid=150 db=sdss MISS
[science-benchmark] [158/299] qid=157 db=sdss MISS
[science-benchmark] [159/299] qid=158 db=sdss MISS
[science-benchmark] [160/299] qid=159 db=sdss MISS
[science-benchmark] [161/299] qid=161 db=sdss MISS
[science-benchmark] [162/299] qid=164 db=sdss MISS
[science-benchmark] [163/299] qid=160 db=sdss MISS
[science-benchmark] [164/299] qid=165 db=sdss MISS
[science-benchmark] [165/299] qid=166 db=sdss MISS
[science-benchmark] [166/299] qid=167 db=sdss MISS
[science-benchmark] [167/299] qid=162 db=sdss MISS
[science-benchmark] [168/299] qid=168 db=sdss MISS
[science-benchmark] [169/299] qid=163 db=sdss MISS
[science-benchmark] [170/299] qid=169 db=sdss MISS
[science-benchmark] [171/299] qid=170 db=sdss MISS
[science-benchmark] [172/299] qid=171 db=sdss MISS
[science-benchmark] [173/299] qid=173 db=sdss MISS
[science-benchmark] [174/299] qid=172 db=sdss MISS
[science-benchmark] [175/299] qid=174 db=sdss MISS
[science-benchmark] [176/299] qid=175 db=sdss MISS
[science-benchmark] [177/299] qid=176 db=sdss MISS
[science-benchmark] [178/299] qid=178 db=sdss MISS
[science-benchmark] [179/299] qid=179 db=sdss MISS
[science-benchmark] [180/299] qid=182 db=sdss OK
[science-benchmark] [181/299] qid=183 db=sdss OK
[science-benchmark] [182/299] qid=180 db=sdss MISS
[science-benchmark] [183/299] qid=177 db=sdss MISS
[science-benchmark] [184/299] qid=184 db=sdss OK
[science-benchmark] [185/299] qid=185 db=sdss OK
[science-benchmark] [186/299] qid=181 db=sdss MISS
[science-benchmark] [187/299] qid=186 db=sdss MISS
[science-benchmark] [188/299] qid=187 db=sdss MISS
[science-benchmark] [189/299] qid=188 db=sdss MISS
[science-benchmark] [190/299] qid=189 db=sdss MISS
[science-benchmark] [191/299] qid=190 db=sdss MISS
[science-benchmark] [192/299] qid=191 db=sdss OK
[science-benchmark] [193/299] qid=192 db=sdss MISS
[science-benchmark] [194/299] qid=193 db=sdss MISS
[science-benchmark] [195/299] qid=194 db=sdss MISS
[science-benchmark] [196/299] qid=195 db=sdss MISS
[science-benchmark] [197/299] qid=196 db=sdss MISS
[science-benchmark] [198/299] qid=197 db=sdss MISS
[science-benchmark] [199/299] qid=198 db=sdss MISS
[science-benchmark] [200/299] qid=199 db=sdss MISS
[science-benchmark] [201/299] qid=200 db=oncomx OK
[science-benchmark] [202/299] qid=201 db=oncomx OK
[science-benchmark] [203/299] qid=202 db=oncomx MISS
[science-benchmark] [204/299] qid=203 db=oncomx OK
[science-benchmark] [205/299] qid=205 db=oncomx OK
[science-benchmark] [206/299] qid=204 db=oncomx OK
[science-benchmark] [207/299] qid=206 db=oncomx OK
[science-benchmark] [208/299] qid=207 db=oncomx MISS
[science-benchmark] [209/299] qid=208 db=oncomx MISS
[science-benchmark] [210/299] qid=210 db=oncomx OK
[science-benchmark] [211/299] qid=209 db=oncomx OK
[science-benchmark] [212/299] qid=211 db=oncomx MISS
[science-benchmark] [213/299] qid=212 db=oncomx MISS
[science-benchmark] [214/299] qid=213 db=oncomx OK
[science-benchmark] [215/299] qid=214 db=oncomx OK
[science-benchmark] [216/299] qid=215 db=oncomx MISS
[science-benchmark] [217/299] qid=216 db=oncomx OK
[science-benchmark] [218/299] qid=217 db=oncomx OK
[science-benchmark] [219/299] qid=218 db=oncomx MISS
[science-benchmark] [220/299] qid=219 db=oncomx OK
[science-benchmark] [221/299] qid=220 db=oncomx OK
[science-benchmark] [222/299] qid=221 db=oncomx OK
[science-benchmark] [223/299] qid=222 db=oncomx OK
[science-benchmark] [224/299] qid=223 db=oncomx MISS
[science-benchmark] [225/299] qid=224 db=oncomx OK
[science-benchmark] [226/299] qid=225 db=oncomx MISS
[science-benchmark] [227/299] qid=226 db=oncomx MISS
[science-benchmark] [228/299] qid=228 db=oncomx OK
[science-benchmark] [229/299] qid=227 db=oncomx OK
[science-benchmark] [230/299] qid=229 db=oncomx MISS
[science-benchmark] [231/299] qid=230 db=oncomx OK
[science-benchmark] [232/299] qid=231 db=oncomx OK
[science-benchmark] [233/299] qid=232 db=oncomx MISS
[science-benchmark] [234/299] qid=233 db=oncomx OK
[science-benchmark] [235/299] qid=234 db=oncomx MISS
[science-benchmark] [236/299] qid=235 db=oncomx MISS
[science-benchmark] [237/299] qid=236 db=oncomx OK
[science-benchmark] [238/299] qid=237 db=oncomx MISS
[science-benchmark] [239/299] qid=238 db=oncomx OK
[science-benchmark] [240/299] qid=239 db=oncomx MISS
[science-benchmark] [241/299] qid=240 db=oncomx MISS
[science-benchmark] [242/299] qid=241 db=oncomx OK
[science-benchmark] [243/299] qid=242 db=oncomx MISS
[science-benchmark] [244/299] qid=243 db=oncomx MISS
[science-benchmark] [245/299] qid=244 db=oncomx OK
[science-benchmark] [246/299] qid=245 db=oncomx OK
[science-benchmark] [247/299] qid=246 db=oncomx MISS
[science-benchmark] [248/299] qid=247 db=oncomx MISS
[science-benchmark] [249/299] qid=248 db=oncomx OK
[science-benchmark] [250/299] qid=249 db=oncomx OK
[science-benchmark] [251/299] qid=250 db=oncomx OK
[science-benchmark] [252/299] qid=251 db=oncomx OK
[science-benchmark] [253/299] qid=252 db=oncomx OK
[science-benchmark] [254/299] qid=253 db=oncomx MISS
[science-benchmark] [255/299] qid=254 db=oncomx OK
[science-benchmark] [256/299] qid=255 db=oncomx OK
[science-benchmark] [257/299] qid=256 db=oncomx OK
[science-benchmark] [258/299] qid=257 db=oncomx OK
[science-benchmark] [259/299] qid=258 db=oncomx OK
[science-benchmark] [260/299] qid=259 db=oncomx OK
[science-benchmark] [261/299] qid=260 db=oncomx MISS
[science-benchmark] [262/299] qid=261 db=oncomx MISS
[science-benchmark] [263/299] qid=262 db=oncomx OK
[science-benchmark] [264/299] qid=264 db=oncomx MISS
[science-benchmark] [265/299] qid=263 db=oncomx OK
[science-benchmark] [266/299] qid=265 db=oncomx MISS
[science-benchmark] [267/299] qid=266 db=oncomx OK
[science-benchmark] [268/299] qid=267 db=oncomx OK
[science-benchmark] [269/299] qid=268 db=oncomx MISS
[science-benchmark] [270/299] qid=269 db=oncomx MISS
[science-benchmark] [271/299] qid=271 db=oncomx MISS
[science-benchmark] [272/299] qid=272 db=oncomx MISS
[science-benchmark] [273/299] qid=273 db=oncomx OK
[science-benchmark] [274/299] qid=274 db=oncomx OK
[science-benchmark] [275/299] qid=275 db=oncomx MISS
[science-benchmark] [276/299] qid=276 db=oncomx MISS
[science-benchmark] [277/299] qid=277 db=oncomx MISS
[science-benchmark] [278/299] qid=278 db=oncomx OK
[science-benchmark] [279/299] qid=270 db=oncomx MISS
[science-benchmark] [280/299] qid=279 db=oncomx MISS
[science-benchmark] [281/299] qid=280 db=oncomx OK
[science-benchmark] [282/299] qid=281 db=oncomx MISS
[science-benchmark] [283/299] qid=282 db=oncomx MISS
[science-benchmark] [284/299] qid=283 db=oncomx MISS
[science-benchmark] [285/299] qid=284 db=oncomx MISS
[science-benchmark] [286/299] qid=285 db=oncomx MISS
[science-benchmark] [287/299] qid=286 db=oncomx MISS
[science-benchmark] [288/299] qid=287 db=oncomx MISS
[science-benchmark] [289/299] qid=288 db=oncomx MISS
[science-benchmark] [290/299] qid=289 db=oncomx OK
[science-benchmark] [291/299] qid=290 db=oncomx OK
[science-benchmark] [292/299] qid=291 db=oncomx OK
[science-benchmark] [293/299] qid=292 db=oncomx MISS
[science-benchmark] [294/299] qid=293 db=oncomx MISS
[science-benchmark] [295/299] qid=294 db=oncomx MISS
[science-benchmark] [296/299] qid=295 db=oncomx MISS
[science-benchmark] [297/299] qid=296 db=oncomx MISS
[science-benchmark] [298/299] qid=297 db=oncomx MISS
[science-benchmark] [299/299] qid=298 db=oncomx MISS

[science-benchmark] DONE. Execution Accuracy (EX): 103/299 = 34.45%
=== bird-dev (Tue Sep  8 11:17:40 EDT 2026) ===
[bird-dev] Running 1534 questions with 4 workers
[bird-dev] [1/1534] qid=1 db=california_schools MISS
[bird-dev] [2/1534] qid=3 db=california_schools MISS
[bird-dev] [3/1534] qid=0 db=california_schools MISS
[bird-dev] [4/1534] qid=2 db=california_schools MISS
[bird-dev] [5/1534] qid=4 db=california_schools MISS
[bird-dev] [6/1534] qid=5 db=california_schools OK
[bird-dev] [7/1534] qid=6 db=california_schools MISS
[bird-dev] [8/1534] qid=7 db=california_schools OK
[bird-dev] [9/1534] qid=8 db=california_schools MISS
[bird-dev] [10/1534] qid=9 db=california_schools MISS
[bird-dev] [11/1534] qid=10 db=california_schools MISS
[bird-dev] [12/1534] qid=11 db=california_schools MISS
[bird-dev] [13/1534] qid=12 db=california_schools MISS
[bird-dev] [14/1534] qid=13 db=california_schools MISS
[bird-dev] [15/1534] qid=14 db=california_schools MISS
[bird-dev] [16/1534] qid=15 db=california_schools MISS
[bird-dev] [17/1534] qid=16 db=california_schools MISS
[bird-dev] [18/1534] qid=17 db=california_schools MISS
[bird-dev] [19/1534] qid=18 db=california_schools MISS
[bird-dev] [20/1534] qid=19 db=california_schools OK
[bird-dev] [21/1534] qid=20 db=california_schools MISS
[bird-dev] [22/1534] qid=21 db=california_schools MISS
[bird-dev] [23/1534] qid=22 db=california_schools MISS
[bird-dev] [24/1534] qid=23 db=california_schools OK
[bird-dev] [25/1534] qid=24 db=california_schools MISS
[bird-dev] [26/1534] qid=25 db=california_schools MISS
[bird-dev] [27/1534] qid=26 db=california_schools MISS
[bird-dev] [28/1534] qid=27 db=california_schools MISS
[bird-dev] [29/1534] qid=28 db=california_schools MISS
[bird-dev] [30/1534] qid=29 db=california_schools OK
[bird-dev] [31/1534] qid=30 db=california_schools MISS
[bird-dev] [32/1534] qid=31 db=california_schools MISS
[bird-dev] [33/1534] qid=32 db=california_schools MISS
[bird-dev] [34/1534] qid=33 db=california_schools MISS
[bird-dev] [35/1534] qid=34 db=california_schools MISS
[bird-dev] [36/1534] qid=35 db=california_schools MISS
[bird-dev] [37/1534] qid=36 db=california_schools MISS
[bird-dev] [38/1534] qid=37 db=california_schools MISS
[bird-dev] [39/1534] qid=38 db=california_schools MISS
[bird-dev] [40/1534] qid=39 db=california_schools MISS
[bird-dev] [41/1534] qid=40 db=california_schools MISS
[bird-dev] [42/1534] qid=41 db=california_schools MISS
[bird-dev] [43/1534] qid=42 db=california_schools MISS
[bird-dev] [44/1534] qid=43 db=california_schools MISS
[bird-dev] [45/1534] qid=44 db=california_schools OK
[bird-dev] [46/1534] qid=45 db=california_schools MISS
[bird-dev] [47/1534] qid=46 db=california_schools MISS
[bird-dev] [48/1534] qid=47 db=california_schools MISS
[bird-dev] [49/1534] qid=48 db=california_schools MISS
[bird-dev] [50/1534] qid=49 db=california_schools MISS
[bird-dev] [51/1534] qid=50 db=california_schools MISS
[bird-dev] [52/1534] qid=51 db=california_schools MISS
[bird-dev] [53/1534] qid=52 db=california_schools MISS
[bird-dev] [54/1534] qid=53 db=california_schools MISS
[bird-dev] [55/1534] qid=54 db=california_schools MISS
[bird-dev] [56/1534] qid=55 db=california_schools MISS
[bird-dev] [57/1534] qid=56 db=california_schools OK
[bird-dev] [58/1534] qid=57 db=california_schools MISS
[bird-dev] [59/1534] qid=58 db=california_schools OK
[bird-dev] [60/1534] qid=59 db=california_schools MISS
[bird-dev] [61/1534] qid=60 db=california_schools OK
[bird-dev] [62/1534] qid=61 db=california_schools OK
[bird-dev] [63/1534] qid=62 db=california_schools MISS
[bird-dev] [64/1534] qid=63 db=california_schools MISS
[bird-dev] [65/1534] qid=64 db=california_schools OK
[bird-dev] [66/1534] qid=65 db=california_schools MISS
[bird-dev] [67/1534] qid=66 db=california_schools MISS
[bird-dev] [68/1534] qid=67 db=california_schools MISS
[bird-dev] [69/1534] qid=68 db=california_schools OK
[bird-dev] [70/1534] qid=69 db=california_schools MISS
[bird-dev] [71/1534] qid=70 db=california_schools MISS
[bird-dev] [72/1534] qid=71 db=california_schools MISS
[bird-dev] [73/1534] qid=72 db=california_schools MISS
[bird-dev] [74/1534] qid=73 db=california_schools MISS
[bird-dev] [75/1534] qid=74 db=california_schools MISS
[bird-dev] [76/1534] qid=75 db=california_schools MISS
[bird-dev] [77/1534] qid=76 db=california_schools MISS
[bird-dev] [78/1534] qid=77 db=california_schools MISS
[bird-dev] [79/1534] qid=78 db=california_schools OK
[bird-dev] [80/1534] qid=79 db=california_schools MISS
[bird-dev] [81/1534] qid=80 db=california_schools MISS
[bird-dev] [82/1534] qid=81 db=california_schools MISS
[bird-dev] [83/1534] qid=82 db=california_schools MISS
[bird-dev] [84/1534] qid=83 db=california_schools MISS
[bird-dev] [85/1534] qid=84 db=california_schools MISS
[bird-dev] [86/1534] qid=85 db=california_schools MISS
[bird-dev] [87/1534] qid=86 db=california_schools MISS
[bird-dev] [88/1534] qid=87 db=california_schools MISS
[bird-dev] [89/1534] qid=88 db=california_schools MISS
[bird-dev] [90/1534] qid=89 db=financial MISS
[bird-dev] [91/1534] qid=90 db=financial MISS
[bird-dev] [92/1534] qid=91 db=financial MISS
[bird-dev] [93/1534] qid=92 db=financial MISS
[bird-dev] [94/1534] qid=93 db=financial MISS
[bird-dev] [95/1534] qid=94 db=financial MISS
[bird-dev] [96/1534] qid=95 db=financial MISS
[bird-dev] [97/1534] qid=96 db=financial OK
[bird-dev] [98/1534] qid=97 db=financial MISS
[bird-dev] [99/1534] qid=98 db=financial MISS
[bird-dev] [100/1534] qid=99 db=financial MISS
[bird-dev] [101/1534] qid=100 db=financial MISS
[bird-dev] [102/1534] qid=101 db=financial MISS
[bird-dev] [103/1534] qid=102 db=financial OK
[bird-dev] [104/1534] qid=103 db=financial MISS
[bird-dev] [105/1534] qid=104 db=financial OK
[bird-dev] [106/1534] qid=105 db=financial OK
[bird-dev] [107/1534] qid=106 db=financial OK
[bird-dev] [108/1534] qid=107 db=financial OK
[bird-dev] [109/1534] qid=108 db=financial MISS
[bird-dev] [110/1534] qid=109 db=financial MISS
[bird-dev] [111/1534] qid=110 db=financial MISS
[bird-dev] [112/1534] qid=111 db=financial MISS
[bird-dev] [113/1534] qid=112 db=financial MISS
[bird-dev] [114/1534] qid=113 db=financial MISS
[bird-dev] [115/1534] qid=114 db=financial MISS
[bird-dev] [116/1534] qid=115 db=financial MISS
[bird-dev] [117/1534] qid=116 db=financial MISS
[bird-dev] [118/1534] qid=117 db=financial MISS
[bird-dev] [119/1534] qid=118 db=financial OK
[bird-dev] [120/1534] qid=119 db=financial MISS
[bird-dev] [121/1534] qid=120 db=financial MISS
[bird-dev] [122/1534] qid=121 db=financial OK
[bird-dev] [123/1534] qid=122 db=financial MISS
[bird-dev] [124/1534] qid=123 db=financial MISS
[bird-dev] [125/1534] qid=124 db=financial MISS
[bird-dev] [126/1534] qid=125 db=financial MISS
[bird-dev] [127/1534] qid=126 db=financial MISS
[bird-dev] [128/1534] qid=127 db=financial OK
[bird-dev] [129/1534] qid=128 db=financial MISS
[bird-dev] [130/1534] qid=129 db=financial MISS
[bird-dev] [131/1534] qid=130 db=financial MISS
[bird-dev] [132/1534] qid=131 db=financial MISS
[bird-dev] [133/1534] qid=132 db=financial MISS
[bird-dev] [134/1534] qid=133 db=financial MISS
[bird-dev] [135/1534] qid=134 db=financial OK
[bird-dev] [136/1534] qid=135 db=financial MISS
[bird-dev] [137/1534] qid=136 db=financial MISS
[bird-dev] [138/1534] qid=137 db=financial MISS
[bird-dev] [139/1534] qid=138 db=financial OK
[bird-dev] [140/1534] qid=139 db=financial OK
[bird-dev] [141/1534] qid=140 db=financial OK
[bird-dev] [142/1534] qid=141 db=financial MISS
[bird-dev] [143/1534] qid=142 db=financial MISS
[bird-dev] [144/1534] qid=143 db=financial OK
[bird-dev] [145/1534] qid=144 db=financial MISS
[bird-dev] [146/1534] qid=145 db=financial MISS
[bird-dev] [147/1534] qid=146 db=financial OK
[bird-dev] [148/1534] qid=147 db=financial MISS
[bird-dev] [149/1534] qid=148 db=financial MISS
[bird-dev] [150/1534] qid=149 db=financial MISS
[bird-dev] [151/1534] qid=150 db=financial MISS
[bird-dev] [152/1534] qid=151 db=financial MISS
[bird-dev] [153/1534] qid=152 db=financial MISS
[bird-dev] [154/1534] qid=153 db=financial MISS
[bird-dev] [155/1534] qid=154 db=financial OK
[bird-dev] [156/1534] qid=155 db=financial OK
[bird-dev] [157/1534] qid=156 db=financial MISS
[bird-dev] [158/1534] qid=157 db=financial OK
[bird-dev] [159/1534] qid=158 db=financial OK
[bird-dev] [160/1534] qid=159 db=financial MISS
[bird-dev] [161/1534] qid=160 db=financial OK
[bird-dev] [162/1534] qid=161 db=financial OK
[bird-dev] [163/1534] qid=162 db=financial OK
[bird-dev] [164/1534] qid=163 db=financial MISS
[bird-dev] [165/1534] qid=164 db=financial MISS
[bird-dev] [166/1534] qid=165 db=financial MISS
[bird-dev] [167/1534] qid=166 db=financial OK
[bird-dev] [168/1534] qid=167 db=financial MISS
[bird-dev] [169/1534] qid=168 db=financial MISS
[bird-dev] [170/1534] qid=169 db=financial MISS
[bird-dev] [171/1534] qid=170 db=financial MISS
[bird-dev] [172/1534] qid=171 db=financial MISS
[bird-dev] [173/1534] qid=172 db=financial MISS
[bird-dev] [174/1534] qid=173 db=financial MISS
[bird-dev] [175/1534] qid=174 db=financial MISS
[bird-dev] [176/1534] qid=175 db=financial MISS
[bird-dev] [177/1534] qid=176 db=financial MISS
[bird-dev] [178/1534] qid=177 db=financial MISS
[bird-dev] [179/1534] qid=178 db=financial OK
[bird-dev] [180/1534] qid=179 db=financial MISS
[bird-dev] [181/1534] qid=180 db=financial MISS
[bird-dev] [182/1534] qid=181 db=financial MISS
[bird-dev] [183/1534] qid=182 db=financial MISS
[bird-dev] [184/1534] qid=183 db=financial MISS
[bird-dev] [185/1534] qid=184 db=financial OK
[bird-dev] [186/1534] qid=185 db=financial OK
[bird-dev] [187/1534] qid=186 db=financial MISS
[bird-dev] [188/1534] qid=187 db=financial OK
[bird-dev] [189/1534] qid=188 db=financial MISS
[bird-dev] [190/1534] qid=189 db=financial MISS
[bird-dev] [191/1534] qid=190 db=financial MISS
[bird-dev] [192/1534] qid=191 db=financial MISS
[bird-dev] [193/1534] qid=192 db=financial MISS
[bird-dev] [194/1534] qid=193 db=financial MISS
[bird-dev] [195/1534] qid=194 db=financial MISS
[bird-dev] [196/1534] qid=195 db=toxicology OK
[bird-dev] [197/1534] qid=196 db=toxicology MISS
[bird-dev] [198/1534] qid=197 db=toxicology MISS
[bird-dev] [199/1534] qid=198 db=toxicology MISS
[bird-dev] [200/1534] qid=199 db=toxicology MISS
[bird-dev] [201/1534] qid=200 db=toxicology MISS
[bird-dev] [202/1534] qid=201 db=toxicology MISS
[bird-dev] [203/1534] qid=202 db=toxicology OK
[bird-dev] [204/1534] qid=203 db=toxicology OK
[bird-dev] [205/1534] qid=204 db=toxicology OK
[bird-dev] [206/1534] qid=205 db=toxicology MISS
[bird-dev] [207/1534] qid=206 db=toxicology OK
[bird-dev] [208/1534] qid=207 db=toxicology MISS
[bird-dev] [209/1534] qid=208 db=toxicology OK
[bird-dev] [210/1534] qid=209 db=toxicology MISS
[bird-dev] [211/1534] qid=210 db=toxicology MISS
[bird-dev] [212/1534] qid=211 db=toxicology OK
[bird-dev] [213/1534] qid=212 db=toxicology OK
[bird-dev] [214/1534] qid=213 db=toxicology OK
[bird-dev] [215/1534] qid=214 db=toxicology MISS
[bird-dev] [216/1534] qid=215 db=toxicology MISS
[bird-dev] [217/1534] qid=216 db=toxicology MISS
[bird-dev] [218/1534] qid=217 db=toxicology MISS
[bird-dev] [219/1534] qid=218 db=toxicology MISS
[bird-dev] [220/1534] qid=219 db=toxicology MISS
[bird-dev] [221/1534] qid=220 db=toxicology MISS
[bird-dev] [222/1534] qid=221 db=toxicology MISS
[bird-dev] [223/1534] qid=222 db=toxicology OK
[bird-dev] [224/1534] qid=223 db=toxicology OK
[bird-dev] [225/1534] qid=224 db=toxicology MISS
[bird-dev] [226/1534] qid=225 db=toxicology MISS
[bird-dev] [227/1534] qid=226 db=toxicology MISS
[bird-dev] [228/1534] qid=227 db=toxicology MISS
[bird-dev] [229/1534] qid=228 db=toxicology MISS
[bird-dev] [230/1534] qid=229 db=toxicology OK
[bird-dev] [231/1534] qid=230 db=toxicology OK
[bird-dev] [232/1534] qid=231 db=toxicology MISS
[bird-dev] [233/1534] qid=232 db=toxicology OK
[bird-dev] [234/1534] qid=233 db=toxicology MISS
[bird-dev] [235/1534] qid=234 db=toxicology MISS
[bird-dev] [236/1534] qid=235 db=toxicology OK
[bird-dev] [237/1534] qid=236 db=toxicology MISS
[bird-dev] [238/1534] qid=237 db=toxicology MISS
[bird-dev] [239/1534] qid=238 db=toxicology MISS
[bird-dev] [240/1534] qid=239 db=toxicology MISS
[bird-dev] [241/1534] qid=240 db=toxicology OK
[bird-dev] [242/1534] qid=241 db=toxicology OK
[bird-dev] [243/1534] qid=242 db=toxicology OK
[bird-dev] [244/1534] qid=243 db=toxicology OK
[bird-dev] [245/1534] qid=244 db=toxicology MISS
[bird-dev] [246/1534] qid=245 db=toxicology MISS
[bird-dev] [247/1534] qid=246 db=toxicology MISS
[bird-dev] [248/1534] qid=247 db=toxicology MISS
[bird-dev] [249/1534] qid=248 db=toxicology MISS
[bird-dev] [250/1534] qid=249 db=toxicology OK
[bird-dev] [251/1534] qid=250 db=toxicology MISS
[bird-dev] [252/1534] qid=251 db=toxicology MISS
[bird-dev] [253/1534] qid=252 db=toxicology MISS
[bird-dev] [254/1534] qid=253 db=toxicology OK
[bird-dev] [255/1534] qid=254 db=toxicology MISS
[bird-dev] [256/1534] qid=255 db=toxicology MISS
[bird-dev] [257/1534] qid=256 db=toxicology OK
[bird-dev] [258/1534] qid=257 db=toxicology OK
[bird-dev] [259/1534] qid=258 db=toxicology OK
[bird-dev] [260/1534] qid=259 db=toxicology MISS
[bird-dev] [261/1534] qid=260 db=toxicology OK
[bird-dev] [262/1534] qid=261 db=toxicology MISS
[bird-dev] [263/1534] qid=262 db=toxicology MISS
[bird-dev] [264/1534] qid=263 db=toxicology MISS
[bird-dev] [265/1534] qid=264 db=toxicology MISS
[bird-dev] [266/1534] qid=265 db=toxicology OK
[bird-dev] [267/1534] qid=266 db=toxicology OK
[bird-dev] [268/1534] qid=267 db=toxicology MISS
[bird-dev] [269/1534] qid=268 db=toxicology OK
[bird-dev] [270/1534] qid=269 db=toxicology MISS
[bird-dev] [271/1534] qid=270 db=toxicology MISS
[bird-dev] [272/1534] qid=271 db=toxicology MISS
[bird-dev] [273/1534] qid=272 db=toxicology MISS
[bird-dev] [274/1534] qid=273 db=toxicology OK
[bird-dev] [275/1534] qid=274 db=toxicology OK
[bird-dev] [276/1534] qid=275 db=toxicology OK
[bird-dev] [277/1534] qid=276 db=toxicology MISS
[bird-dev] [278/1534] qid=277 db=toxicology OK
[bird-dev] [279/1534] qid=278 db=toxicology MISS
[bird-dev] [280/1534] qid=279 db=toxicology MISS
[bird-dev] [281/1534] qid=280 db=toxicology MISS
[bird-dev] [282/1534] qid=281 db=toxicology MISS
[bird-dev] [283/1534] qid=282 db=toxicology OK
[bird-dev] [284/1534] qid=283 db=toxicology MISS
[bird-dev] [285/1534] qid=284 db=toxicology OK
[bird-dev] [286/1534] qid=285 db=toxicology OK
[bird-dev] [287/1534] qid=286 db=toxicology MISS
[bird-dev] [288/1534] qid=287 db=toxicology OK
[bird-dev] [289/1534] qid=288 db=toxicology OK
[bird-dev] [290/1534] qid=289 db=toxicology OK
[bird-dev] [291/1534] qid=290 db=toxicology MISS
[bird-dev] [292/1534] qid=291 db=toxicology OK
[bird-dev] [293/1534] qid=292 db=toxicology OK
[bird-dev] [294/1534] qid=293 db=toxicology OK
[bird-dev] [295/1534] qid=294 db=toxicology OK
[bird-dev] [296/1534] qid=295 db=toxicology OK
[bird-dev] [297/1534] qid=296 db=toxicology MISS
[bird-dev] [298/1534] qid=297 db=toxicology MISS
[bird-dev] [299/1534] qid=298 db=toxicology MISS
[bird-dev] [300/1534] qid=299 db=toxicology OK
[bird-dev] [301/1534] qid=300 db=toxicology OK
[bird-dev] [302/1534] qid=301 db=toxicology MISS
[bird-dev] [303/1534] qid=302 db=toxicology OK
[bird-dev] [304/1534] qid=303 db=toxicology MISS
[bird-dev] [305/1534] qid=304 db=toxicology OK
[bird-dev] [306/1534] qid=305 db=toxicology MISS
[bird-dev] [307/1534] qid=306 db=toxicology MISS
[bird-dev] [308/1534] qid=307 db=toxicology OK
[bird-dev] [309/1534] qid=308 db=toxicology MISS
[bird-dev] [310/1534] qid=309 db=toxicology MISS
[bird-dev] [311/1534] qid=310 db=toxicology MISS
[bird-dev] [312/1534] qid=311 db=toxicology MISS
[bird-dev] [313/1534] qid=312 db=toxicology OK
[bird-dev] [314/1534] qid=313 db=toxicology OK
[bird-dev] [315/1534] qid=314 db=toxicology MISS
[bird-dev] [316/1534] qid=315 db=toxicology OK
[bird-dev] [317/1534] qid=316 db=toxicology MISS
[bird-dev] [318/1534] qid=317 db=toxicology MISS
[bird-dev] [319/1534] qid=318 db=toxicology MISS
[bird-dev] [320/1534] qid=319 db=toxicology OK
[bird-dev] [321/1534] qid=320 db=toxicology OK
[bird-dev] [322/1534] qid=321 db=toxicology MISS
[bird-dev] [323/1534] qid=322 db=toxicology OK
[bird-dev] [324/1534] qid=323 db=toxicology OK
[bird-dev] [325/1534] qid=324 db=toxicology OK
[bird-dev] [326/1534] qid=325 db=toxicology OK
[bird-dev] [327/1534] qid=326 db=toxicology MISS
[bird-dev] [328/1534] qid=327 db=toxicology OK
[bird-dev] [329/1534] qid=328 db=toxicology MISS
[bird-dev] [330/1534] qid=329 db=toxicology MISS
[bird-dev] [331/1534] qid=330 db=toxicology MISS
[bird-dev] [332/1534] qid=331 db=toxicology OK
[bird-dev] [333/1534] qid=332 db=toxicology OK
[bird-dev] [334/1534] qid=333 db=toxicology OK
[bird-dev] [335/1534] qid=334 db=toxicology MISS
[bird-dev] [336/1534] qid=335 db=toxicology OK
[bird-dev] [337/1534] qid=336 db=toxicology OK
[bird-dev] [338/1534] qid=337 db=toxicology OK
[bird-dev] [339/1534] qid=338 db=toxicology MISS
[bird-dev] [340/1534] qid=339 db=toxicology OK
[bird-dev] [341/1534] qid=340 db=card_games MISS
[bird-dev] [342/1534] qid=341 db=card_games MISS
[bird-dev] [343/1534] qid=342 db=card_games MISS
[bird-dev] [344/1534] qid=343 db=card_games MISS
[bird-dev] [345/1534] qid=344 db=card_games MISS
[bird-dev] [346/1534] qid=345 db=card_games OK
[bird-dev] [347/1534] qid=346 db=card_games OK
[bird-dev] [348/1534] qid=347 db=card_games MISS
[bird-dev] [349/1534] qid=348 db=card_games OK
[bird-dev] [350/1534] qid=349 db=card_games MISS
[bird-dev] [351/1534] qid=350 db=card_games MISS
[bird-dev] [352/1534] qid=351 db=card_games MISS
[bird-dev] [353/1534] qid=352 db=card_games MISS
[bird-dev] [354/1534] qid=353 db=card_games MISS
[bird-dev] [355/1534] qid=354 db=card_games MISS
[bird-dev] [356/1534] qid=355 db=card_games MISS
[bird-dev] [357/1534] qid=356 db=card_games OK
[bird-dev] [358/1534] qid=357 db=card_games MISS
[bird-dev] [359/1534] qid=358 db=card_games MISS
[bird-dev] [360/1534] qid=359 db=card_games MISS
[bird-dev] [361/1534] qid=360 db=card_games MISS
[bird-dev] [362/1534] qid=361 db=card_games MISS
[bird-dev] [363/1534] qid=362 db=card_games MISS
[bird-dev] [364/1534] qid=363 db=card_games MISS
[bird-dev] [365/1534] qid=364 db=card_games OK
[bird-dev] [366/1534] qid=365 db=card_games MISS
[bird-dev] [367/1534] qid=366 db=card_games MISS
[bird-dev] [368/1534] qid=367 db=card_games MISS
[bird-dev] [369/1534] qid=368 db=card_games OK
[bird-dev] [370/1534] qid=369 db=card_games MISS
[bird-dev] [371/1534] qid=370 db=card_games MISS
[bird-dev] [372/1534] qid=371 db=card_games OK
[bird-dev] [373/1534] qid=372 db=card_games OK
[bird-dev] [374/1534] qid=373 db=card_games OK
[bird-dev] [375/1534] qid=374 db=card_games OK
[bird-dev] [376/1534] qid=375 db=card_games OK
[bird-dev] [377/1534] qid=376 db=card_games MISS
[bird-dev] [378/1534] qid=377 db=card_games OK
[bird-dev] [379/1534] qid=378 db=card_games MISS
[bird-dev] [380/1534] qid=379 db=card_games OK
[bird-dev] [381/1534] qid=380 db=card_games OK
[bird-dev] [382/1534] qid=381 db=card_games MISS
[bird-dev] [383/1534] qid=382 db=card_games MISS
[bird-dev] [384/1534] qid=383 db=card_games OK
[bird-dev] [385/1534] qid=384 db=card_games MISS
[bird-dev] [386/1534] qid=385 db=card_games MISS
[bird-dev] [387/1534] qid=386 db=card_games MISS
[bird-dev] [388/1534] qid=387 db=card_games MISS
[bird-dev] [389/1534] qid=388 db=card_games MISS
[bird-dev] [390/1534] qid=389 db=card_games MISS
[bird-dev] [391/1534] qid=390 db=card_games MISS
[bird-dev] [392/1534] qid=391 db=card_games MISS
[bird-dev] [393/1534] qid=392 db=card_games MISS
[bird-dev] [394/1534] qid=393 db=card_games MISS
[bird-dev] [395/1534] qid=394 db=card_games OK
[bird-dev] [396/1534] qid=395 db=card_games OK
[bird-dev] [397/1534] qid=396 db=card_games OK
[bird-dev] [398/1534] qid=397 db=card_games OK
[bird-dev] [399/1534] qid=398 db=card_games MISS
[bird-dev] [400/1534] qid=399 db=card_games MISS
[bird-dev] [401/1534] qid=400 db=card_games OK
[bird-dev] [402/1534] qid=401 db=card_games MISS
[bird-dev] [403/1534] qid=402 db=card_games MISS
[bird-dev] [404/1534] qid=403 db=card_games MISS
[bird-dev] [405/1534] qid=404 db=card_games MISS
[bird-dev] [406/1534] qid=405 db=card_games MISS
[bird-dev] [407/1534] qid=406 db=card_games MISS
[bird-dev] [408/1534] qid=407 db=card_games MISS
[bird-dev] [409/1534] qid=408 db=card_games MISS
[bird-dev] [410/1534] qid=409 db=card_games MISS
[bird-dev] [411/1534] qid=410 db=card_games MISS
[bird-dev] [412/1534] qid=411 db=card_games MISS
[bird-dev] [413/1534] qid=412 db=card_games MISS
[bird-dev] [414/1534] qid=413 db=card_games MISS
[bird-dev] [415/1534] qid=414 db=card_games MISS
[bird-dev] [416/1534] qid=415 db=card_games MISS
[bird-dev] [417/1534] qid=416 db=card_games MISS
[bird-dev] [418/1534] qid=417 db=card_games OK
[bird-dev] [419/1534] qid=418 db=card_games OK
[bird-dev] [420/1534] qid=419 db=card_games OK
[bird-dev] [421/1534] qid=420 db=card_games OK
[bird-dev] [422/1534] qid=421 db=card_games MISS
[bird-dev] [423/1534] qid=422 db=card_games MISS
[bird-dev] [424/1534] qid=423 db=card_games MISS
[bird-dev] [425/1534] qid=424 db=card_games MISS
[bird-dev] [426/1534] qid=425 db=card_games MISS
[bird-dev] [427/1534] qid=426 db=card_games OK
[bird-dev] [428/1534] qid=427 db=card_games MISS
[bird-dev] [429/1534] qid=428 db=card_games MISS
[bird-dev] [430/1534] qid=429 db=card_games MISS
[bird-dev] [431/1534] qid=430 db=card_games MISS
[bird-dev] [432/1534] qid=431 db=card_games MISS
[bird-dev] [433/1534] qid=432 db=card_games MISS
[bird-dev] [434/1534] qid=433 db=card_games MISS
[bird-dev] [435/1534] qid=434 db=card_games MISS
[bird-dev] [436/1534] qid=435 db=card_games OK
[bird-dev] [437/1534] qid=436 db=card_games OK
[bird-dev] [438/1534] qid=437 db=card_games MISS
[bird-dev] [439/1534] qid=438 db=card_games MISS
[bird-dev] [440/1534] qid=439 db=card_games MISS
[bird-dev] [441/1534] qid=440 db=card_games MISS
[bird-dev] [442/1534] qid=441 db=card_games MISS
[bird-dev] [443/1534] qid=442 db=card_games MISS
[bird-dev] [444/1534] qid=443 db=card_games MISS
[bird-dev] [445/1534] qid=444 db=card_games MISS
[bird-dev] [446/1534] qid=445 db=card_games MISS
[bird-dev] [447/1534] qid=446 db=card_games MISS
[bird-dev] [448/1534] qid=447 db=card_games MISS
[bird-dev] [449/1534] qid=448 db=card_games MISS
[bird-dev] [450/1534] qid=449 db=card_games OK
[bird-dev] [451/1534] qid=450 db=card_games OK
[bird-dev] [452/1534] qid=451 db=card_games MISS
[bird-dev] [453/1534] qid=452 db=card_games OK
[bird-dev] [454/1534] qid=453 db=card_games MISS
[bird-dev] [455/1534] qid=454 db=card_games MISS
[bird-dev] [456/1534] qid=455 db=card_games OK
[bird-dev] [457/1534] qid=456 db=card_games OK
[bird-dev] [458/1534] qid=457 db=card_games MISS
[bird-dev] [459/1534] qid=458 db=card_games MISS
[bird-dev] [460/1534] qid=459 db=card_games MISS
[bird-dev] [461/1534] qid=460 db=card_games OK
[bird-dev] [462/1534] qid=461 db=card_games OK
[bird-dev] [463/1534] qid=462 db=card_games MISS
[bird-dev] [464/1534] qid=463 db=card_games MISS
[bird-dev] [465/1534] qid=464 db=card_games OK
[bird-dev] [466/1534] qid=465 db=card_games MISS
[bird-dev] [467/1534] qid=466 db=card_games OK
[bird-dev] [468/1534] qid=467 db=card_games MISS
[bird-dev] [469/1534] qid=468 db=card_games OK
[bird-dev] [470/1534] qid=469 db=card_games MISS
[bird-dev] [471/1534] qid=470 db=card_games MISS
[bird-dev] [472/1534] qid=471 db=card_games OK
[bird-dev] [473/1534] qid=472 db=card_games OK
[bird-dev] [474/1534] qid=473 db=card_games MISS
[bird-dev] [475/1534] qid=474 db=card_games MISS
[bird-dev] [476/1534] qid=475 db=card_games MISS
[bird-dev] [477/1534] qid=476 db=card_games OK
[bird-dev] [478/1534] qid=477 db=card_games MISS
[bird-dev] [479/1534] qid=478 db=card_games OK
[bird-dev] [480/1534] qid=479 db=card_games OK
[bird-dev] [481/1534] qid=480 db=card_games MISS
[bird-dev] [482/1534] qid=481 db=card_games OK
[bird-dev] [483/1534] qid=482 db=card_games MISS
[bird-dev] [484/1534] qid=483 db=card_games MISS
[bird-dev] [485/1534] qid=484 db=card_games MISS
[bird-dev] [486/1534] qid=485 db=card_games OK
[bird-dev] [487/1534] qid=486 db=card_games OK
[bird-dev] [488/1534] qid=487 db=card_games OK
[bird-dev] [489/1534] qid=488 db=card_games OK
[bird-dev] [490/1534] qid=489 db=card_games OK
[bird-dev] [491/1534] qid=490 db=card_games MISS
[bird-dev] [492/1534] qid=491 db=card_games MISS
[bird-dev] [493/1534] qid=492 db=card_games MISS
[bird-dev] [494/1534] qid=493 db=card_games MISS
[bird-dev] [495/1534] qid=494 db=card_games MISS
[bird-dev] [496/1534] qid=495 db=card_games MISS
[bird-dev] [497/1534] qid=496 db=card_games OK
[bird-dev] [498/1534] qid=497 db=card_games MISS
[bird-dev] [499/1534] qid=498 db=card_games OK
[bird-dev] [500/1534] qid=499 db=card_games MISS
[bird-dev] [501/1534] qid=500 db=card_games MISS
[bird-dev] [502/1534] qid=501 db=card_games OK
[bird-dev] [503/1534] qid=502 db=card_games OK
[bird-dev] [504/1534] qid=503 db=card_games MISS
[bird-dev] [505/1534] qid=504 db=card_games MISS
[bird-dev] [506/1534] qid=505 db=card_games OK
[bird-dev] [507/1534] qid=506 db=card_games OK
[bird-dev] [508/1534] qid=507 db=card_games MISS
[bird-dev] [509/1534] qid=508 db=card_games MISS
[bird-dev] [510/1534] qid=509 db=card_games OK
[bird-dev] [511/1534] qid=510 db=card_games MISS
[bird-dev] [512/1534] qid=511 db=card_games MISS
[bird-dev] [513/1534] qid=512 db=card_games MISS
[bird-dev] [514/1534] qid=513 db=card_games MISS
[bird-dev] [515/1534] qid=514 db=card_games MISS
[bird-dev] [516/1534] qid=515 db=card_games MISS
[bird-dev] [517/1534] qid=516 db=card_games OK
[bird-dev] [518/1534] qid=517 db=card_games OK
[bird-dev] [519/1534] qid=519 db=card_games MISS
[bird-dev] [520/1534] qid=520 db=card_games OK
[bird-dev] [521/1534] qid=521 db=card_games OK
[bird-dev] [522/1534] qid=522 db=card_games OK
[bird-dev] [523/1534] qid=523 db=card_games MISS
[bird-dev] [524/1534] qid=524 db=card_games MISS
[bird-dev] [525/1534] qid=525 db=card_games MISS
[bird-dev] [526/1534] qid=526 db=card_games OK
[bird-dev] [527/1534] qid=527 db=card_games OK
[bird-dev] [528/1534] qid=528 db=card_games MISS
[bird-dev] [529/1534] qid=529 db=card_games MISS
[bird-dev] [530/1534] qid=518 db=card_games MISS
[bird-dev] [531/1534] qid=530 db=card_games MISS
[bird-dev] [532/1534] qid=531 db=codebase_community MISS
[bird-dev] [533/1534] qid=532 db=codebase_community MISS
[bird-dev] [534/1534] qid=533 db=codebase_community MISS
[bird-dev] [535/1534] qid=534 db=codebase_community OK
[bird-dev] [536/1534] qid=535 db=codebase_community MISS
[bird-dev] [537/1534] qid=536 db=codebase_community MISS
[bird-dev] [538/1534] qid=537 db=codebase_community OK
[bird-dev] [539/1534] qid=538 db=codebase_community OK
[bird-dev] [540/1534] qid=539 db=codebase_community MISS
[bird-dev] [541/1534] qid=540 db=codebase_community OK
[bird-dev] [542/1534] qid=541 db=codebase_community OK
[bird-dev] [543/1534] qid=542 db=codebase_community OK
[bird-dev] [544/1534] qid=543 db=codebase_community OK
[bird-dev] [545/1534] qid=544 db=codebase_community MISS
[bird-dev] [546/1534] qid=545 db=codebase_community OK
[bird-dev] [547/1534] qid=546 db=codebase_community MISS
[bird-dev] [548/1534] qid=547 db=codebase_community OK
[bird-dev] [549/1534] qid=548 db=codebase_community OK
[bird-dev] [550/1534] qid=549 db=codebase_community MISS
[bird-dev] [551/1534] qid=550 db=codebase_community OK
[bird-dev] [552/1534] qid=551 db=codebase_community OK
[bird-dev] [553/1534] qid=552 db=codebase_community OK
[bird-dev] [554/1534] qid=553 db=codebase_community OK
[bird-dev] [555/1534] qid=554 db=codebase_community OK
[bird-dev] [556/1534] qid=555 db=codebase_community OK
[bird-dev] [557/1534] qid=556 db=codebase_community MISS
[bird-dev] [558/1534] qid=557 db=codebase_community OK
[bird-dev] [559/1534] qid=558 db=codebase_community OK
[bird-dev] [560/1534] qid=559 db=codebase_community MISS
[bird-dev] [561/1534] qid=560 db=codebase_community OK
[bird-dev] [562/1534] qid=561 db=codebase_community OK
[bird-dev] [563/1534] qid=562 db=codebase_community OK
[bird-dev] [564/1534] qid=563 db=codebase_community MISS
[bird-dev] [565/1534] qid=564 db=codebase_community MISS
[bird-dev] [566/1534] qid=565 db=codebase_community MISS
[bird-dev] [567/1534] qid=566 db=codebase_community OK
[bird-dev] [568/1534] qid=567 db=codebase_community OK
[bird-dev] [569/1534] qid=568 db=codebase_community MISS
[bird-dev] [570/1534] qid=569 db=codebase_community MISS
[bird-dev] [571/1534] qid=570 db=codebase_community OK
[bird-dev] [572/1534] qid=571 db=codebase_community MISS
[bird-dev] [573/1534] qid=572 db=codebase_community OK
[bird-dev] [574/1534] qid=573 db=codebase_community OK
[bird-dev] [575/1534] qid=574 db=codebase_community OK
[bird-dev] [576/1534] qid=575 db=codebase_community OK
[bird-dev] [577/1534] qid=576 db=codebase_community MISS
[bird-dev] [578/1534] qid=577 db=codebase_community MISS
[bird-dev] [579/1534] qid=578 db=codebase_community OK
[bird-dev] [580/1534] qid=579 db=codebase_community OK
[bird-dev] [581/1534] qid=580 db=codebase_community MISS
[bird-dev] [582/1534] qid=581 db=codebase_community MISS
[bird-dev] [583/1534] qid=582 db=codebase_community MISS
[bird-dev] [584/1534] qid=583 db=codebase_community MISS
[bird-dev] [585/1534] qid=584 db=codebase_community MISS
[bird-dev] [586/1534] qid=585 db=codebase_community OK
[bird-dev] [587/1534] qid=586 db=codebase_community MISS
[bird-dev] [588/1534] qid=587 db=codebase_community MISS
[bird-dev] [589/1534] qid=588 db=codebase_community OK
[bird-dev] [590/1534] qid=589 db=codebase_community MISS
[bird-dev] [591/1534] qid=590 db=codebase_community MISS
[bird-dev] [592/1534] qid=591 db=codebase_community MISS
[bird-dev] [593/1534] qid=592 db=codebase_community MISS
[bird-dev] [594/1534] qid=593 db=codebase_community MISS
[bird-dev] [595/1534] qid=594 db=codebase_community MISS
[bird-dev] [596/1534] qid=595 db=codebase_community MISS
[bird-dev] [597/1534] qid=597 db=codebase_community OK
[bird-dev] [598/1534] qid=598 db=codebase_community MISS
[bird-dev] [599/1534] qid=599 db=codebase_community OK
[bird-dev] [600/1534] qid=600 db=codebase_community MISS
[bird-dev] [601/1534] qid=596 db=codebase_community MISS
[bird-dev] [602/1534] qid=601 db=codebase_community MISS
[bird-dev] [603/1534] qid=602 db=codebase_community MISS
[bird-dev] [604/1534] qid=603 db=codebase_community MISS
[bird-dev] [605/1534] qid=604 db=codebase_community MISS
[bird-dev] [606/1534] qid=605 db=codebase_community MISS
[bird-dev] [607/1534] qid=606 db=codebase_community OK
[bird-dev] [608/1534] qid=607 db=codebase_community OK
[bird-dev] [609/1534] qid=608 db=codebase_community MISS
[bird-dev] [610/1534] qid=609 db=codebase_community OK
[bird-dev] [611/1534] qid=610 db=codebase_community OK
[bird-dev] [612/1534] qid=611 db=codebase_community OK
[bird-dev] [613/1534] qid=612 db=codebase_community MISS
[bird-dev] [614/1534] qid=613 db=codebase_community OK
[bird-dev] [615/1534] qid=614 db=codebase_community MISS
[bird-dev] [616/1534] qid=615 db=codebase_community OK
[bird-dev] [617/1534] qid=616 db=codebase_community OK
[bird-dev] [618/1534] qid=617 db=codebase_community OK
[bird-dev] [619/1534] qid=618 db=codebase_community OK
[bird-dev] [620/1534] qid=619 db=codebase_community OK
[bird-dev] [621/1534] qid=620 db=codebase_community MISS
[bird-dev] [622/1534] qid=621 db=codebase_community MISS
[bird-dev] [623/1534] qid=622 db=codebase_community OK
[bird-dev] [624/1534] qid=623 db=codebase_community OK
[bird-dev] [625/1534] qid=624 db=codebase_community OK
[bird-dev] [626/1534] qid=625 db=codebase_community OK
[bird-dev] [627/1534] qid=626 db=codebase_community MISS
[bird-dev] [628/1534] qid=627 db=codebase_community OK
[bird-dev] [629/1534] qid=628 db=codebase_community MISS
[bird-dev] [630/1534] qid=629 db=codebase_community OK
[bird-dev] [631/1534] qid=630 db=codebase_community MISS
[bird-dev] [632/1534] qid=631 db=codebase_community MISS
[bird-dev] [633/1534] qid=632 db=codebase_community MISS
[bird-dev] [634/1534] qid=633 db=codebase_community OK
[bird-dev] [635/1534] qid=634 db=codebase_community MISS
[bird-dev] [636/1534] qid=636 db=codebase_community MISS
[bird-dev] [637/1534] qid=637 db=codebase_community MISS
[bird-dev] [638/1534] qid=638 db=codebase_community MISS
[bird-dev] [639/1534] qid=639 db=codebase_community MISS
[bird-dev] [640/1534] qid=640 db=codebase_community MISS
[bird-dev] [641/1534] qid=641 db=codebase_community MISS
[bird-dev] [642/1534] qid=642 db=codebase_community MISS
[bird-dev] [643/1534] qid=643 db=codebase_community MISS
[bird-dev] [644/1534] qid=644 db=codebase_community OK
[bird-dev] [645/1534] qid=645 db=codebase_community OK
[bird-dev] [646/1534] qid=647 db=codebase_community OK
[bird-dev] [647/1534] qid=635 db=codebase_community MISS
[bird-dev] [648/1534] qid=646 db=codebase_community MISS
[bird-dev] [649/1534] qid=648 db=codebase_community OK
[bird-dev] [650/1534] qid=649 db=codebase_community MISS
[bird-dev] [651/1534] qid=650 db=codebase_community MISS
[bird-dev] [652/1534] qid=651 db=codebase_community MISS
[bird-dev] [653/1534] qid=652 db=codebase_community MISS
[bird-dev] [654/1534] qid=653 db=codebase_community MISS
[bird-dev] [655/1534] qid=654 db=codebase_community MISS
[bird-dev] [656/1534] qid=655 db=codebase_community MISS
[bird-dev] [657/1534] qid=656 db=codebase_community MISS
[bird-dev] [658/1534] qid=657 db=codebase_community OK
[bird-dev] [659/1534] qid=658 db=codebase_community OK
[bird-dev] [660/1534] qid=659 db=codebase_community OK
[bird-dev] [661/1534] qid=660 db=codebase_community OK
[bird-dev] [662/1534] qid=661 db=codebase_community OK
[bird-dev] [663/1534] qid=662 db=codebase_community OK
[bird-dev] [664/1534] qid=663 db=codebase_community MISS
[bird-dev] [665/1534] qid=664 db=codebase_community OK
[bird-dev] [666/1534] qid=665 db=codebase_community MISS
[bird-dev] [667/1534] qid=666 db=codebase_community OK
[bird-dev] [668/1534] qid=667 db=codebase_community MISS
[bird-dev] [669/1534] qid=668 db=codebase_community MISS
[bird-dev] [670/1534] qid=669 db=codebase_community OK
[bird-dev] [671/1534] qid=670 db=codebase_community MISS
[bird-dev] [672/1534] qid=671 db=codebase_community MISS
[bird-dev] [673/1534] qid=672 db=codebase_community MISS
[bird-dev] [674/1534] qid=673 db=codebase_community MISS
[bird-dev] [675/1534] qid=674 db=codebase_community OK
[bird-dev] [676/1534] qid=675 db=codebase_community MISS
[bird-dev] [677/1534] qid=676 db=codebase_community OK
[bird-dev] [678/1534] qid=677 db=codebase_community MISS
[bird-dev] [679/1534] qid=678 db=codebase_community OK
[bird-dev] [680/1534] qid=679 db=codebase_community MISS
[bird-dev] [681/1534] qid=680 db=codebase_community OK
[bird-dev] [682/1534] qid=681 db=codebase_community MISS
[bird-dev] [683/1534] qid=682 db=codebase_community MISS
[bird-dev] [684/1534] qid=683 db=codebase_community MISS
[bird-dev] [685/1534] qid=684 db=codebase_community OK
[bird-dev] [686/1534] qid=685 db=codebase_community MISS
[bird-dev] [687/1534] qid=686 db=codebase_community MISS
[bird-dev] [688/1534] qid=687 db=codebase_community MISS
[bird-dev] [689/1534] qid=688 db=codebase_community OK
[bird-dev] [690/1534] qid=689 db=codebase_community MISS
[bird-dev] [691/1534] qid=690 db=codebase_community MISS
[bird-dev] [692/1534] qid=691 db=codebase_community OK
[bird-dev] [693/1534] qid=692 db=codebase_community MISS
[bird-dev] [694/1534] qid=693 db=codebase_community MISS
[bird-dev] [695/1534] qid=694 db=codebase_community MISS
[bird-dev] [696/1534] qid=695 db=codebase_community OK
[bird-dev] [697/1534] qid=696 db=codebase_community OK
[bird-dev] [698/1534] qid=697 db=codebase_community OK
[bird-dev] [699/1534] qid=698 db=codebase_community MISS
[bird-dev] [700/1534] qid=699 db=codebase_community OK
[bird-dev] [701/1534] qid=700 db=codebase_community MISS
[bird-dev] [702/1534] qid=702 db=codebase_community OK
[bird-dev] [703/1534] qid=703 db=codebase_community OK
[bird-dev] [704/1534] qid=704 db=codebase_community OK
[bird-dev] [705/1534] qid=705 db=codebase_community OK
[bird-dev] [706/1534] qid=706 db=codebase_community MISS
[bird-dev] [707/1534] qid=707 db=codebase_community OK
[bird-dev] [708/1534] qid=708 db=codebase_community OK
[bird-dev] [709/1534] qid=709 db=codebase_community MISS
[bird-dev] [710/1534] qid=710 db=codebase_community MISS
[bird-dev] [711/1534] qid=711 db=codebase_community MISS
[bird-dev] [712/1534] qid=712 db=codebase_community OK
[bird-dev] [713/1534] qid=713 db=codebase_community MISS
[bird-dev] [714/1534] qid=714 db=codebase_community MISS
[bird-dev] [715/1534] qid=715 db=codebase_community MISS
[bird-dev] [716/1534] qid=716 db=codebase_community MISS
[bird-dev] [717/1534] qid=701 db=codebase_community MISS
[bird-dev] [718/1534] qid=717 db=superhero MISS
[bird-dev] [719/1534] qid=718 db=superhero OK
[bird-dev] [720/1534] qid=719 db=superhero OK
[bird-dev] [721/1534] qid=720 db=superhero MISS
[bird-dev] [722/1534] qid=721 db=superhero OK
[bird-dev] [723/1534] qid=722 db=superhero OK
[bird-dev] [724/1534] qid=723 db=superhero MISS
[bird-dev] [725/1534] qid=724 db=superhero OK
[bird-dev] [726/1534] qid=725 db=superhero OK
[bird-dev] [727/1534] qid=726 db=superhero MISS
[bird-dev] [728/1534] qid=727 db=superhero OK
[bird-dev] [729/1534] qid=728 db=superhero MISS
[bird-dev] [730/1534] qid=729 db=superhero OK
[bird-dev] [731/1534] qid=730 db=superhero OK
[bird-dev] [732/1534] qid=731 db=superhero OK
[bird-dev] [733/1534] qid=732 db=superhero MISS
[bird-dev] [734/1534] qid=733 db=superhero OK
[bird-dev] [735/1534] qid=734 db=superhero OK
[bird-dev] [736/1534] qid=735 db=superhero OK
[bird-dev] [737/1534] qid=736 db=superhero MISS
[bird-dev] [738/1534] qid=737 db=superhero OK
[bird-dev] [739/1534] qid=738 db=superhero MISS
[bird-dev] [740/1534] qid=739 db=superhero OK
[bird-dev] [741/1534] qid=740 db=superhero MISS
[bird-dev] [742/1534] qid=741 db=superhero OK
[bird-dev] [743/1534] qid=742 db=superhero OK
[bird-dev] [744/1534] qid=743 db=superhero MISS
[bird-dev] [745/1534] qid=744 db=superhero OK
[bird-dev] [746/1534] qid=745 db=superhero OK
[bird-dev] [747/1534] qid=746 db=superhero OK
[bird-dev] [748/1534] qid=747 db=superhero OK
[bird-dev] [749/1534] qid=748 db=superhero OK
[bird-dev] [750/1534] qid=749 db=superhero MISS
[bird-dev] [751/1534] qid=750 db=superhero OK
[bird-dev] [752/1534] qid=751 db=superhero MISS
[bird-dev] [753/1534] qid=752 db=superhero OK
[bird-dev] [754/1534] qid=753 db=superhero MISS
[bird-dev] [755/1534] qid=754 db=superhero OK
[bird-dev] [756/1534] qid=755 db=superhero OK
[bird-dev] [757/1534] qid=756 db=superhero MISS
[bird-dev] [758/1534] qid=757 db=superhero OK
[bird-dev] [759/1534] qid=758 db=superhero MISS
[bird-dev] [760/1534] qid=759 db=superhero OK
[bird-dev] [761/1534] qid=760 db=superhero MISS
[bird-dev] [762/1534] qid=761 db=superhero MISS
[bird-dev] [763/1534] qid=762 db=superhero OK
[bird-dev] [764/1534] qid=763 db=superhero MISS
[bird-dev] [765/1534] qid=764 db=superhero MISS
[bird-dev] [766/1534] qid=765 db=superhero MISS
[bird-dev] [767/1534] qid=766 db=superhero MISS
[bird-dev] [768/1534] qid=767 db=superhero MISS
[bird-dev] [769/1534] qid=768 db=superhero OK
[bird-dev] [770/1534] qid=769 db=superhero MISS
[bird-dev] [771/1534] qid=770 db=superhero OK
[bird-dev] [772/1534] qid=771 db=superhero OK
[bird-dev] [773/1534] qid=772 db=superhero MISS
[bird-dev] [774/1534] qid=773 db=superhero OK
[bird-dev] [775/1534] qid=774 db=superhero OK
[bird-dev] [776/1534] qid=775 db=superhero MISS
[bird-dev] [777/1534] qid=776 db=superhero OK
[bird-dev] [778/1534] qid=777 db=superhero OK
[bird-dev] [779/1534] qid=778 db=superhero OK
[bird-dev] [780/1534] qid=779 db=superhero OK
[bird-dev] [781/1534] qid=780 db=superhero OK
[bird-dev] [782/1534] qid=781 db=superhero OK
[bird-dev] [783/1534] qid=782 db=superhero OK
[bird-dev] [784/1534] qid=783 db=superhero MISS
[bird-dev] [785/1534] qid=784 db=superhero OK
[bird-dev] [786/1534] qid=785 db=superhero OK
[bird-dev] [787/1534] qid=786 db=superhero OK
[bird-dev] [788/1534] qid=787 db=superhero OK
[bird-dev] [789/1534] qid=788 db=superhero MISS
[bird-dev] [790/1534] qid=789 db=superhero OK
[bird-dev] [791/1534] qid=790 db=superhero MISS
[bird-dev] [792/1534] qid=791 db=superhero MISS
[bird-dev] [793/1534] qid=792 db=superhero MISS
[bird-dev] [794/1534] qid=793 db=superhero MISS
[bird-dev] [795/1534] qid=794 db=superhero MISS
[bird-dev] [796/1534] qid=795 db=superhero OK
[bird-dev] [797/1534] qid=796 db=superhero OK
[bird-dev] [798/1534] qid=797 db=superhero OK
[bird-dev] [799/1534] qid=798 db=superhero OK
[bird-dev] [800/1534] qid=799 db=superhero MISS
[bird-dev] [801/1534] qid=800 db=superhero OK
[bird-dev] [802/1534] qid=801 db=superhero OK
[bird-dev] [803/1534] qid=802 db=superhero OK
[bird-dev] [804/1534] qid=803 db=superhero MISS
[bird-dev] [805/1534] qid=804 db=superhero OK
[bird-dev] [806/1534] qid=805 db=superhero MISS
[bird-dev] [807/1534] qid=806 db=superhero OK
[bird-dev] [808/1534] qid=807 db=superhero MISS
[bird-dev] [809/1534] qid=808 db=superhero OK
[bird-dev] [810/1534] qid=809 db=superhero OK
[bird-dev] [811/1534] qid=810 db=superhero MISS
[bird-dev] [812/1534] qid=811 db=superhero OK
[bird-dev] [813/1534] qid=812 db=superhero MISS
[bird-dev] [814/1534] qid=813 db=superhero OK
[bird-dev] [815/1534] qid=814 db=superhero MISS
[bird-dev] [816/1534] qid=815 db=superhero OK
[bird-dev] [817/1534] qid=816 db=superhero OK
[bird-dev] [818/1534] qid=817 db=superhero MISS
[bird-dev] [819/1534] qid=818 db=superhero OK
[bird-dev] [820/1534] qid=819 db=superhero MISS
[bird-dev] [821/1534] qid=820 db=superhero OK
[bird-dev] [822/1534] qid=821 db=superhero MISS
[bird-dev] [823/1534] qid=822 db=superhero OK
[bird-dev] [824/1534] qid=823 db=superhero OK
[bird-dev] [825/1534] qid=824 db=superhero OK
[bird-dev] [826/1534] qid=825 db=superhero MISS
[bird-dev] [827/1534] qid=826 db=superhero OK
[bird-dev] [828/1534] qid=827 db=superhero OK
[bird-dev] [829/1534] qid=828 db=superhero MISS
[bird-dev] [830/1534] qid=829 db=superhero OK
[bird-dev] [831/1534] qid=830 db=superhero MISS
[bird-dev] [832/1534] qid=831 db=superhero OK
[bird-dev] [833/1534] qid=832 db=superhero OK
[bird-dev] [834/1534] qid=833 db=superhero OK
[bird-dev] [835/1534] qid=834 db=superhero MISS
[bird-dev] [836/1534] qid=835 db=superhero OK
[bird-dev] [837/1534] qid=836 db=superhero OK
[bird-dev] [838/1534] qid=837 db=superhero MISS
[bird-dev] [839/1534] qid=838 db=superhero OK
[bird-dev] [840/1534] qid=839 db=superhero MISS
[bird-dev] [841/1534] qid=840 db=superhero OK
[bird-dev] [842/1534] qid=841 db=superhero OK
[bird-dev] [843/1534] qid=842 db=superhero OK
[bird-dev] [844/1534] qid=843 db=superhero OK
[bird-dev] [845/1534] qid=844 db=superhero OK
[bird-dev] [846/1534] qid=845 db=superhero MISS
[bird-dev] [847/1534] qid=846 db=formula_1 MISS
[bird-dev] [848/1534] qid=847 db=formula_1 MISS
[bird-dev] [849/1534] qid=848 db=formula_1 MISS
[bird-dev] [850/1534] qid=849 db=formula_1 OK
[bird-dev] [851/1534] qid=850 db=formula_1 MISS
[bird-dev] [852/1534] qid=851 db=formula_1 OK
[bird-dev] [853/1534] qid=852 db=formula_1 MISS
[bird-dev] [854/1534] qid=853 db=formula_1 OK
[bird-dev] [855/1534] qid=854 db=formula_1 OK
[bird-dev] [856/1534] qid=855 db=formula_1 MISS
[bird-dev] [857/1534] qid=856 db=formula_1 OK
[bird-dev] [858/1534] qid=857 db=formula_1 OK
[bird-dev] [859/1534] qid=858 db=formula_1 MISS
[bird-dev] [860/1534] qid=859 db=formula_1 MISS
[bird-dev] [861/1534] qid=860 db=formula_1 MISS
[bird-dev] [862/1534] qid=861 db=formula_1 MISS
[bird-dev] [863/1534] qid=862 db=formula_1 OK
[bird-dev] [864/1534] qid=863 db=formula_1 OK
[bird-dev] [865/1534] qid=864 db=formula_1 MISS
[bird-dev] [866/1534] qid=865 db=formula_1 MISS
[bird-dev] [867/1534] qid=866 db=formula_1 MISS
[bird-dev] [868/1534] qid=867 db=formula_1 OK
[bird-dev] [869/1534] qid=868 db=formula_1 MISS
[bird-dev] [870/1534] qid=869 db=formula_1 MISS
[bird-dev] [871/1534] qid=870 db=formula_1 MISS
[bird-dev] [872/1534] qid=871 db=formula_1 MISS
[bird-dev] [873/1534] qid=872 db=formula_1 MISS
[bird-dev] [874/1534] qid=873 db=formula_1 MISS
[bird-dev] [875/1534] qid=874 db=formula_1 MISS
[bird-dev] [876/1534] qid=875 db=formula_1 OK
[bird-dev] [877/1534] qid=876 db=formula_1 MISS
[bird-dev] [878/1534] qid=877 db=formula_1 MISS
[bird-dev] [879/1534] qid=878 db=formula_1 MISS
[bird-dev] [880/1534] qid=879 db=formula_1 OK
[bird-dev] [881/1534] qid=880 db=formula_1 MISS
[bird-dev] [882/1534] qid=881 db=formula_1 OK
[bird-dev] [883/1534] qid=882 db=formula_1 MISS
[bird-dev] [884/1534] qid=883 db=formula_1 MISS
[bird-dev] [885/1534] qid=884 db=formula_1 MISS
[bird-dev] [886/1534] qid=885 db=formula_1 MISS
[bird-dev] [887/1534] qid=886 db=formula_1 OK
[bird-dev] [888/1534] qid=887 db=formula_1 MISS
[bird-dev] [889/1534] qid=888 db=formula_1 MISS
[bird-dev] [890/1534] qid=889 db=formula_1 MISS
[bird-dev] [891/1534] qid=890 db=formula_1 MISS
[bird-dev] [892/1534] qid=891 db=formula_1 MISS
[bird-dev] [893/1534] qid=892 db=formula_1 OK
[bird-dev] [894/1534] qid=893 db=formula_1 MISS
[bird-dev] [895/1534] qid=894 db=formula_1 MISS
[bird-dev] [896/1534] qid=895 db=formula_1 MISS
[bird-dev] [897/1534] qid=896 db=formula_1 MISS
[bird-dev] [898/1534] qid=897 db=formula_1 OK
[bird-dev] [899/1534] qid=898 db=formula_1 MISS
[bird-dev] [900/1534] qid=899 db=formula_1 MISS
[bird-dev] [901/1534] qid=900 db=formula_1 MISS
[bird-dev] [902/1534] qid=901 db=formula_1 MISS
[bird-dev] [903/1534] qid=902 db=formula_1 MISS
[bird-dev] [904/1534] qid=903 db=formula_1 MISS
[bird-dev] [905/1534] qid=904 db=formula_1 MISS
[bird-dev] [906/1534] qid=905 db=formula_1 MISS
[bird-dev] [907/1534] qid=906 db=formula_1 MISS
[bird-dev] [908/1534] qid=907 db=formula_1 MISS
[bird-dev] [909/1534] qid=908 db=formula_1 MISS
[bird-dev] [910/1534] qid=909 db=formula_1 OK
[bird-dev] [911/1534] qid=910 db=formula_1 OK
[bird-dev] [912/1534] qid=911 db=formula_1 MISS
[bird-dev] [913/1534] qid=912 db=formula_1 OK
[bird-dev] [914/1534] qid=913 db=formula_1 MISS
[bird-dev] [915/1534] qid=914 db=formula_1 OK
[bird-dev] [916/1534] qid=915 db=formula_1 MISS
[bird-dev] [917/1534] qid=916 db=formula_1 OK
[bird-dev] [918/1534] qid=917 db=formula_1 MISS
[bird-dev] [919/1534] qid=918 db=formula_1 OK
[bird-dev] [920/1534] qid=919 db=formula_1 MISS
[bird-dev] [921/1534] qid=920 db=formula_1 MISS
[bird-dev] [922/1534] qid=921 db=formula_1 MISS
[bird-dev] [923/1534] qid=922 db=formula_1 MISS
[bird-dev] [924/1534] qid=923 db=formula_1 MISS
[bird-dev] [925/1534] qid=924 db=formula_1 MISS
[bird-dev] [926/1534] qid=925 db=formula_1 OK
[bird-dev] [927/1534] qid=926 db=formula_1 MISS
[bird-dev] [928/1534] qid=927 db=formula_1 MISS
[bird-dev] [929/1534] qid=928 db=formula_1 MISS
[bird-dev] [930/1534] qid=929 db=formula_1 MISS
[bird-dev] [931/1534] qid=930 db=formula_1 MISS
[bird-dev] [932/1534] qid=931 db=formula_1 OK
[bird-dev] [933/1534] qid=932 db=formula_1 MISS
[bird-dev] [934/1534] qid=933 db=formula_1 MISS
[bird-dev] [935/1534] qid=934 db=formula_1 OK
[bird-dev] [936/1534] qid=935 db=formula_1 OK
[bird-dev] [937/1534] qid=936 db=formula_1 MISS
[bird-dev] [938/1534] qid=937 db=formula_1 OK
[bird-dev] [939/1534] qid=938 db=formula_1 MISS
[bird-dev] [940/1534] qid=939 db=formula_1 OK
[bird-dev] [941/1534] qid=940 db=formula_1 OK
[bird-dev] [942/1534] qid=941 db=formula_1 OK
[bird-dev] [943/1534] qid=942 db=formula_1 MISS
[bird-dev] [944/1534] qid=943 db=formula_1 MISS
[bird-dev] [945/1534] qid=944 db=formula_1 MISS
[bird-dev] [946/1534] qid=945 db=formula_1 OK
[bird-dev] [947/1534] qid=946 db=formula_1 OK
[bird-dev] [948/1534] qid=947 db=formula_1 MISS
[bird-dev] [949/1534] qid=948 db=formula_1 MISS
[bird-dev] [950/1534] qid=949 db=formula_1 OK
[bird-dev] [951/1534] qid=950 db=formula_1 OK
[bird-dev] [952/1534] qid=951 db=formula_1 MISS
[bird-dev] [953/1534] qid=952 db=formula_1 MISS
[bird-dev] [954/1534] qid=953 db=formula_1 MISS
[bird-dev] [955/1534] qid=954 db=formula_1 MISS
[bird-dev] [956/1534] qid=955 db=formula_1 MISS
[bird-dev] [957/1534] qid=956 db=formula_1 MISS
[bird-dev] [958/1534] qid=957 db=formula_1 MISS
[bird-dev] [959/1534] qid=958 db=formula_1 MISS
[bird-dev] [960/1534] qid=960 db=formula_1 OK
[bird-dev] [961/1534] qid=961 db=formula_1 OK
[bird-dev] [962/1534] qid=962 db=formula_1 MISS
[bird-dev] [963/1534] qid=963 db=formula_1 MISS
[bird-dev] [964/1534] qid=964 db=formula_1 MISS
[bird-dev] [965/1534] qid=965 db=formula_1 OK
[bird-dev] [966/1534] qid=966 db=formula_1 MISS
[bird-dev] [967/1534] qid=967 db=formula_1 MISS
[bird-dev] [968/1534] qid=968 db=formula_1 OK
[bird-dev] [969/1534] qid=969 db=formula_1 OK
[bird-dev] [970/1534] qid=970 db=formula_1 MISS
[bird-dev] [971/1534] qid=971 db=formula_1 MISS
[bird-dev] [972/1534] qid=972 db=formula_1 MISS
[bird-dev] [973/1534] qid=959 db=formula_1 MISS
[bird-dev] [974/1534] qid=973 db=formula_1 MISS
[bird-dev] [975/1534] qid=974 db=formula_1 MISS
[bird-dev] [976/1534] qid=975 db=formula_1 MISS
[bird-dev] [977/1534] qid=976 db=formula_1 MISS
[bird-dev] [978/1534] qid=977 db=formula_1 OK
[bird-dev] [979/1534] qid=978 db=formula_1 MISS
[bird-dev] [980/1534] qid=979 db=formula_1 MISS
[bird-dev] [981/1534] qid=980 db=formula_1 OK
[bird-dev] [982/1534] qid=981 db=formula_1 MISS
[bird-dev] [983/1534] qid=982 db=formula_1 MISS
[bird-dev] [984/1534] qid=983 db=formula_1 OK
[bird-dev] [985/1534] qid=984 db=formula_1 MISS
[bird-dev] [986/1534] qid=985 db=formula_1 MISS
[bird-dev] [987/1534] qid=986 db=formula_1 MISS
[bird-dev] [988/1534] qid=987 db=formula_1 MISS
[bird-dev] [989/1534] qid=988 db=formula_1 OK
[bird-dev] [990/1534] qid=989 db=formula_1 MISS
[bird-dev] [991/1534] qid=990 db=formula_1 MISS
[bird-dev] [992/1534] qid=991 db=formula_1 MISS
[bird-dev] [993/1534] qid=992 db=formula_1 MISS
[bird-dev] [994/1534] qid=993 db=formula_1 MISS
[bird-dev] [995/1534] qid=994 db=formula_1 MISS
[bird-dev] [996/1534] qid=995 db=formula_1 MISS
[bird-dev] [997/1534] qid=996 db=formula_1 MISS
[bird-dev] [998/1534] qid=997 db=formula_1 OK
[bird-dev] [999/1534] qid=998 db=formula_1 MISS
[bird-dev] [1000/1534] qid=999 db=formula_1 MISS
[bird-dev] [1001/1534] qid=1000 db=formula_1 MISS
[bird-dev] [1002/1534] qid=1001 db=formula_1 OK
[bird-dev] [1003/1534] qid=1002 db=formula_1 MISS
[bird-dev] [1004/1534] qid=1003 db=formula_1 MISS
[bird-dev] [1005/1534] qid=1004 db=formula_1 MISS
[bird-dev] [1006/1534] qid=1005 db=formula_1 OK
[bird-dev] [1007/1534] qid=1006 db=formula_1 MISS
[bird-dev] [1008/1534] qid=1007 db=formula_1 OK
[bird-dev] [1009/1534] qid=1008 db=formula_1 OK
[bird-dev] [1010/1534] qid=1009 db=formula_1 MISS
[bird-dev] [1011/1534] qid=1010 db=formula_1 MISS
[bird-dev] [1012/1534] qid=1011 db=formula_1 MISS
[bird-dev] [1013/1534] qid=1012 db=formula_1 MISS
[bird-dev] [1014/1534] qid=1013 db=formula_1 MISS
[bird-dev] [1015/1534] qid=1014 db=formula_1 MISS
[bird-dev] [1016/1534] qid=1015 db=formula_1 MISS
[bird-dev] [1017/1534] qid=1016 db=formula_1 MISS
[bird-dev] [1018/1534] qid=1017 db=formula_1 MISS
[bird-dev] [1019/1534] qid=1018 db=formula_1 OK
[bird-dev] [1020/1534] qid=1019 db=formula_1 MISS
[bird-dev] [1021/1534] qid=1020 db=european_football_2 OK
[bird-dev] [1022/1534] qid=1021 db=european_football_2 MISS
[bird-dev] [1023/1534] qid=1022 db=european_football_2 MISS
[bird-dev] [1024/1534] qid=1023 db=european_football_2 MISS
[bird-dev] [1025/1534] qid=1024 db=european_football_2 MISS
[bird-dev] [1026/1534] qid=1025 db=european_football_2 OK
[bird-dev] [1027/1534] qid=1026 db=european_football_2 MISS
[bird-dev] [1028/1534] qid=1027 db=european_football_2 MISS
[bird-dev] [1029/1534] qid=1028 db=european_football_2 OK
[bird-dev] [1030/1534] qid=1029 db=european_football_2 MISS
[bird-dev] [1031/1534] qid=1030 db=european_football_2 OK
[bird-dev] [1032/1534] qid=1031 db=european_football_2 MISS
[bird-dev] [1033/1534] qid=1032 db=european_football_2 MISS
[bird-dev] [1034/1534] qid=1033 db=european_football_2 OK
[bird-dev] [1035/1534] qid=1034 db=european_football_2 MISS
[bird-dev] [1036/1534] qid=1035 db=european_football_2 OK
[bird-dev] [1037/1534] qid=1036 db=european_football_2 MISS
[bird-dev] [1038/1534] qid=1037 db=european_football_2 MISS
[bird-dev] [1039/1534] qid=1038 db=european_football_2 MISS
[bird-dev] [1040/1534] qid=1039 db=european_football_2 OK
[bird-dev] [1041/1534] qid=1040 db=european_football_2 OK
[bird-dev] [1042/1534] qid=1041 db=european_football_2 MISS
[bird-dev] [1043/1534] qid=1042 db=european_football_2 OK
[bird-dev] [1044/1534] qid=1043 db=european_football_2 OK
[bird-dev] [1045/1534] qid=1044 db=european_football_2 MISS
[bird-dev] [1046/1534] qid=1045 db=european_football_2 OK
[bird-dev] [1047/1534] qid=1046 db=european_football_2 MISS
[bird-dev] [1048/1534] qid=1047 db=european_football_2 OK
[bird-dev] [1049/1534] qid=1048 db=european_football_2 MISS
[bird-dev] [1050/1534] qid=1049 db=european_football_2 OK
[bird-dev] [1051/1534] qid=1050 db=european_football_2 OK
[bird-dev] [1052/1534] qid=1051 db=european_football_2 MISS
[bird-dev] [1053/1534] qid=1052 db=european_football_2 MISS
[bird-dev] [1054/1534] qid=1053 db=european_football_2 OK
[bird-dev] [1055/1534] qid=1054 db=european_football_2 OK
[bird-dev] [1056/1534] qid=1055 db=european_football_2 MISS
[bird-dev] [1057/1534] qid=1056 db=european_football_2 OK
[bird-dev] [1058/1534] qid=1057 db=european_football_2 MISS
[bird-dev] [1059/1534] qid=1058 db=european_football_2 MISS
[bird-dev] [1060/1534] qid=1059 db=european_football_2 OK
[bird-dev] [1061/1534] qid=1060 db=european_football_2 OK
[bird-dev] [1062/1534] qid=1061 db=european_football_2 MISS
[bird-dev] [1063/1534] qid=1062 db=european_football_2 OK
[bird-dev] [1064/1534] qid=1063 db=european_football_2 OK
[bird-dev] [1065/1534] qid=1064 db=european_football_2 MISS
[bird-dev] [1066/1534] qid=1065 db=european_football_2 OK
[bird-dev] [1067/1534] qid=1066 db=european_football_2 OK
[bird-dev] [1068/1534] qid=1067 db=european_football_2 OK
[bird-dev] [1069/1534] qid=1068 db=european_football_2 MISS
[bird-dev] [1070/1534] qid=1069 db=european_football_2 OK
[bird-dev] [1071/1534] qid=1070 db=european_football_2 MISS
[bird-dev] [1072/1534] qid=1071 db=european_football_2 OK
[bird-dev] [1073/1534] qid=1072 db=european_football_2 OK
[bird-dev] [1074/1534] qid=1073 db=european_football_2 OK
[bird-dev] [1075/1534] qid=1074 db=european_football_2 OK
[bird-dev] [1076/1534] qid=1075 db=european_football_2 MISS
[bird-dev] [1077/1534] qid=1076 db=european_football_2 MISS
[bird-dev] [1078/1534] qid=1077 db=european_football_2 OK
[bird-dev] [1079/1534] qid=1078 db=european_football_2 MISS
[bird-dev] [1080/1534] qid=1079 db=european_football_2 OK
[bird-dev] [1081/1534] qid=1080 db=european_football_2 MISS
[bird-dev] [1082/1534] qid=1081 db=european_football_2 MISS
[bird-dev] [1083/1534] qid=1082 db=european_football_2 OK
[bird-dev] [1084/1534] qid=1083 db=european_football_2 MISS
[bird-dev] [1085/1534] qid=1084 db=european_football_2 MISS
[bird-dev] [1086/1534] qid=1085 db=european_football_2 MISS
[bird-dev] [1087/1534] qid=1086 db=european_football_2 OK
[bird-dev] [1088/1534] qid=1087 db=european_football_2 MISS
[bird-dev] [1089/1534] qid=1088 db=european_football_2 MISS
[bird-dev] [1090/1534] qid=1089 db=european_football_2 OK
[bird-dev] [1091/1534] qid=1090 db=european_football_2 OK
[bird-dev] [1092/1534] qid=1091 db=european_football_2 OK
[bird-dev] [1093/1534] qid=1092 db=european_football_2 MISS
[bird-dev] [1094/1534] qid=1093 db=european_football_2 MISS
[bird-dev] [1095/1534] qid=1094 db=european_football_2 MISS
[bird-dev] [1096/1534] qid=1095 db=european_football_2 OK
[bird-dev] [1097/1534] qid=1096 db=european_football_2 OK
[bird-dev] [1098/1534] qid=1097 db=european_football_2 OK
[bird-dev] [1099/1534] qid=1098 db=european_football_2 MISS
[bird-dev] [1100/1534] qid=1099 db=european_football_2 MISS
[bird-dev] [1101/1534] qid=1100 db=european_football_2 OK
[bird-dev] [1102/1534] qid=1101 db=european_football_2 OK
[bird-dev] [1103/1534] qid=1102 db=european_football_2 MISS
[bird-dev] [1104/1534] qid=1103 db=european_football_2 MISS
[bird-dev] [1105/1534] qid=1104 db=european_football_2 MISS
[bird-dev] [1106/1534] qid=1105 db=european_football_2 OK
[bird-dev] [1107/1534] qid=1106 db=european_football_2 OK
[bird-dev] [1108/1534] qid=1107 db=european_football_2 MISS
[bird-dev] [1109/1534] qid=1108 db=european_football_2 MISS
[bird-dev] [1110/1534] qid=1109 db=european_football_2 OK
[bird-dev] [1111/1534] qid=1110 db=european_football_2 OK
[bird-dev] [1112/1534] qid=1111 db=european_football_2 OK
[bird-dev] [1113/1534] qid=1112 db=european_football_2 OK
[bird-dev] [1114/1534] qid=1113 db=european_football_2 MISS
[bird-dev] [1115/1534] qid=1114 db=european_football_2 MISS
[bird-dev] [1116/1534] qid=1115 db=european_football_2 MISS
[bird-dev] [1117/1534] qid=1116 db=european_football_2 OK
[bird-dev] [1118/1534] qid=1117 db=european_football_2 MISS
[bird-dev] [1119/1534] qid=1118 db=european_football_2 MISS
[bird-dev] [1120/1534] qid=1119 db=european_football_2 MISS
[bird-dev] [1121/1534] qid=1120 db=european_football_2 MISS
[bird-dev] [1122/1534] qid=1121 db=european_football_2 MISS
[bird-dev] [1123/1534] qid=1122 db=european_football_2 OK
[bird-dev] [1124/1534] qid=1123 db=european_football_2 OK
[bird-dev] [1125/1534] qid=1124 db=european_football_2 OK
[bird-dev] [1126/1534] qid=1125 db=european_football_2 OK
[bird-dev] [1127/1534] qid=1126 db=european_football_2 MISS
[bird-dev] [1128/1534] qid=1127 db=european_football_2 MISS
[bird-dev] [1129/1534] qid=1128 db=european_football_2 MISS
[bird-dev] [1130/1534] qid=1129 db=european_football_2 OK
[bird-dev] [1131/1534] qid=1130 db=european_football_2 OK
[bird-dev] [1132/1534] qid=1131 db=european_football_2 MISS
[bird-dev] [1133/1534] qid=1132 db=european_football_2 OK
[bird-dev] [1134/1534] qid=1133 db=european_football_2 OK
[bird-dev] [1135/1534] qid=1134 db=european_football_2 MISS
[bird-dev] [1136/1534] qid=1135 db=european_football_2 MISS
[bird-dev] [1137/1534] qid=1136 db=european_football_2 MISS
[bird-dev] [1138/1534] qid=1137 db=european_football_2 OK
[bird-dev] [1139/1534] qid=1138 db=european_football_2 OK
[bird-dev] [1140/1534] qid=1139 db=european_football_2 OK
[bird-dev] [1141/1534] qid=1140 db=european_football_2 OK
[bird-dev] [1142/1534] qid=1141 db=european_football_2 OK
[bird-dev] [1143/1534] qid=1142 db=european_football_2 MISS
[bird-dev] [1144/1534] qid=1143 db=european_football_2 MISS
[bird-dev] [1145/1534] qid=1144 db=european_football_2 MISS
[bird-dev] [1146/1534] qid=1145 db=european_football_2 OK
[bird-dev] [1147/1534] qid=1146 db=european_football_2 OK
[bird-dev] [1148/1534] qid=1147 db=european_football_2 MISS
[bird-dev] [1149/1534] qid=1148 db=european_football_2 MISS
[bird-dev] [1150/1534] qid=1149 db=thrombosis_prediction MISS
[bird-dev] [1151/1534] qid=1150 db=thrombosis_prediction OK
[bird-dev] [1152/1534] qid=1151 db=thrombosis_prediction MISS
[bird-dev] [1153/1534] qid=1152 db=thrombosis_prediction MISS
[bird-dev] [1154/1534] qid=1153 db=thrombosis_prediction MISS
[bird-dev] [1155/1534] qid=1154 db=thrombosis_prediction OK
[bird-dev] [1156/1534] qid=1155 db=thrombosis_prediction OK
[bird-dev] [1157/1534] qid=1156 db=thrombosis_prediction MISS
[bird-dev] [1158/1534] qid=1157 db=thrombosis_prediction MISS
[bird-dev] [1159/1534] qid=1158 db=thrombosis_prediction OK
[bird-dev] [1160/1534] qid=1159 db=thrombosis_prediction MISS
[bird-dev] [1161/1534] qid=1160 db=thrombosis_prediction MISS
[bird-dev] [1162/1534] qid=1161 db=thrombosis_prediction MISS
[bird-dev] [1163/1534] qid=1162 db=thrombosis_prediction MISS
[bird-dev] [1164/1534] qid=1163 db=thrombosis_prediction MISS
[bird-dev] [1165/1534] qid=1164 db=thrombosis_prediction MISS
[bird-dev] [1166/1534] qid=1165 db=thrombosis_prediction OK
[bird-dev] [1167/1534] qid=1166 db=thrombosis_prediction MISS
[bird-dev] [1168/1534] qid=1167 db=thrombosis_prediction MISS
[bird-dev] [1169/1534] qid=1168 db=thrombosis_prediction MISS
[bird-dev] [1170/1534] qid=1169 db=thrombosis_prediction MISS
[bird-dev] [1171/1534] qid=1170 db=thrombosis_prediction MISS
[bird-dev] [1172/1534] qid=1171 db=thrombosis_prediction MISS
[bird-dev] [1173/1534] qid=1172 db=thrombosis_prediction MISS
[bird-dev] [1174/1534] qid=1173 db=thrombosis_prediction MISS
[bird-dev] [1175/1534] qid=1174 db=thrombosis_prediction MISS
[bird-dev] [1176/1534] qid=1175 db=thrombosis_prediction MISS
[bird-dev] [1177/1534] qid=1176 db=thrombosis_prediction OK
[bird-dev] [1178/1534] qid=1177 db=thrombosis_prediction MISS
[bird-dev] [1179/1534] qid=1178 db=thrombosis_prediction MISS
[bird-dev] [1180/1534] qid=1179 db=thrombosis_prediction MISS
[bird-dev] [1181/1534] qid=1180 db=thrombosis_prediction OK
[bird-dev] [1182/1534] qid=1181 db=thrombosis_prediction MISS
[bird-dev] [1183/1534] qid=1182 db=thrombosis_prediction MISS
[bird-dev] [1184/1534] qid=1183 db=thrombosis_prediction OK
[bird-dev] [1185/1534] qid=1184 db=thrombosis_prediction OK
[bird-dev] [1186/1534] qid=1185 db=thrombosis_prediction MISS
[bird-dev] [1187/1534] qid=1186 db=thrombosis_prediction MISS
[bird-dev] [1188/1534] qid=1187 db=thrombosis_prediction MISS
[bird-dev] [1189/1534] qid=1188 db=thrombosis_prediction MISS
[bird-dev] [1190/1534] qid=1189 db=thrombosis_prediction MISS
[bird-dev] [1191/1534] qid=1190 db=thrombosis_prediction OK
[bird-dev] [1192/1534] qid=1191 db=thrombosis_prediction MISS
[bird-dev] [1193/1534] qid=1192 db=thrombosis_prediction MISS
[bird-dev] [1194/1534] qid=1193 db=thrombosis_prediction MISS
[bird-dev] [1195/1534] qid=1194 db=thrombosis_prediction OK
[bird-dev] [1196/1534] qid=1195 db=thrombosis_prediction OK
[bird-dev] [1197/1534] qid=1196 db=thrombosis_prediction MISS
[bird-dev] [1198/1534] qid=1197 db=thrombosis_prediction OK
[bird-dev] [1199/1534] qid=1198 db=thrombosis_prediction MISS
[bird-dev] [1200/1534] qid=1199 db=thrombosis_prediction MISS
[bird-dev] [1201/1534] qid=1200 db=thrombosis_prediction MISS
[bird-dev] [1202/1534] qid=1201 db=thrombosis_prediction MISS
[bird-dev] [1203/1534] qid=1202 db=thrombosis_prediction MISS
[bird-dev] [1204/1534] qid=1203 db=thrombosis_prediction MISS
[bird-dev] [1205/1534] qid=1204 db=thrombosis_prediction MISS
[bird-dev] [1206/1534] qid=1205 db=thrombosis_prediction MISS
[bird-dev] [1207/1534] qid=1206 db=thrombosis_prediction OK
[bird-dev] [1208/1534] qid=1207 db=thrombosis_prediction OK
[bird-dev] [1209/1534] qid=1208 db=thrombosis_prediction OK
[bird-dev] [1210/1534] qid=1209 db=thrombosis_prediction MISS
[bird-dev] [1211/1534] qid=1210 db=thrombosis_prediction OK
[bird-dev] [1212/1534] qid=1211 db=thrombosis_prediction MISS
[bird-dev] [1213/1534] qid=1212 db=thrombosis_prediction MISS
[bird-dev] [1214/1534] qid=1213 db=thrombosis_prediction MISS
[bird-dev] [1215/1534] qid=1214 db=thrombosis_prediction OK
[bird-dev] [1216/1534] qid=1215 db=thrombosis_prediction MISS
[bird-dev] [1217/1534] qid=1216 db=thrombosis_prediction MISS
[bird-dev] [1218/1534] qid=1217 db=thrombosis_prediction MISS
[bird-dev] [1219/1534] qid=1218 db=thrombosis_prediction MISS
[bird-dev] [1220/1534] qid=1219 db=thrombosis_prediction MISS
[bird-dev] [1221/1534] qid=1220 db=thrombosis_prediction OK
[bird-dev] [1222/1534] qid=1221 db=thrombosis_prediction MISS
[bird-dev] [1223/1534] qid=1222 db=thrombosis_prediction MISS
[bird-dev] [1224/1534] qid=1223 db=thrombosis_prediction MISS
[bird-dev] [1225/1534] qid=1224 db=thrombosis_prediction MISS
[bird-dev] [1226/1534] qid=1225 db=thrombosis_prediction MISS
[bird-dev] [1227/1534] qid=1226 db=thrombosis_prediction MISS
[bird-dev] [1228/1534] qid=1227 db=thrombosis_prediction MISS
[bird-dev] [1229/1534] qid=1228 db=thrombosis_prediction MISS
[bird-dev] [1230/1534] qid=1229 db=thrombosis_prediction MISS
[bird-dev] [1231/1534] qid=1230 db=thrombosis_prediction OK
[bird-dev] [1232/1534] qid=1231 db=thrombosis_prediction OK
[bird-dev] [1233/1534] qid=1232 db=thrombosis_prediction MISS
[bird-dev] [1234/1534] qid=1233 db=thrombosis_prediction MISS
[bird-dev] [1235/1534] qid=1234 db=thrombosis_prediction MISS
[bird-dev] [1236/1534] qid=1235 db=thrombosis_prediction MISS
[bird-dev] [1237/1534] qid=1236 db=thrombosis_prediction MISS
[bird-dev] [1238/1534] qid=1237 db=thrombosis_prediction MISS
[bird-dev] [1239/1534] qid=1238 db=thrombosis_prediction MISS
[bird-dev] [1240/1534] qid=1239 db=thrombosis_prediction MISS
[bird-dev] [1241/1534] qid=1240 db=thrombosis_prediction OK
[bird-dev] [1242/1534] qid=1241 db=thrombosis_prediction MISS
[bird-dev] [1243/1534] qid=1242 db=thrombosis_prediction MISS
[bird-dev] [1244/1534] qid=1243 db=thrombosis_prediction MISS
[bird-dev] [1245/1534] qid=1244 db=thrombosis_prediction OK
[bird-dev] [1246/1534] qid=1245 db=thrombosis_prediction MISS
[bird-dev] [1247/1534] qid=1246 db=thrombosis_prediction MISS
[bird-dev] [1248/1534] qid=1247 db=thrombosis_prediction MISS
[bird-dev] [1249/1534] qid=1248 db=thrombosis_prediction MISS
[bird-dev] [1250/1534] qid=1249 db=thrombosis_prediction MISS
[bird-dev] [1251/1534] qid=1250 db=thrombosis_prediction MISS
[bird-dev] [1252/1534] qid=1251 db=thrombosis_prediction OK
[bird-dev] [1253/1534] qid=1252 db=thrombosis_prediction MISS
[bird-dev] [1254/1534] qid=1253 db=thrombosis_prediction MISS
[bird-dev] [1255/1534] qid=1254 db=thrombosis_prediction MISS
[bird-dev] [1256/1534] qid=1255 db=thrombosis_prediction MISS
[bird-dev] [1257/1534] qid=1256 db=thrombosis_prediction MISS
[bird-dev] [1258/1534] qid=1257 db=thrombosis_prediction MISS
[bird-dev] [1259/1534] qid=1258 db=thrombosis_prediction MISS
[bird-dev] [1260/1534] qid=1259 db=thrombosis_prediction MISS
[bird-dev] [1261/1534] qid=1260 db=thrombosis_prediction MISS
[bird-dev] [1262/1534] qid=1261 db=thrombosis_prediction OK
[bird-dev] [1263/1534] qid=1262 db=thrombosis_prediction MISS
[bird-dev] [1264/1534] qid=1263 db=thrombosis_prediction OK
[bird-dev] [1265/1534] qid=1264 db=thrombosis_prediction MISS
[bird-dev] [1266/1534] qid=1265 db=thrombosis_prediction MISS
[bird-dev] [1267/1534] qid=1266 db=thrombosis_prediction MISS
[bird-dev] [1268/1534] qid=1267 db=thrombosis_prediction MISS
[bird-dev] [1269/1534] qid=1268 db=thrombosis_prediction MISS
[bird-dev] [1270/1534] qid=1269 db=thrombosis_prediction MISS
[bird-dev] [1271/1534] qid=1270 db=thrombosis_prediction MISS
[bird-dev] [1272/1534] qid=1271 db=thrombosis_prediction MISS
[bird-dev] [1273/1534] qid=1272 db=thrombosis_prediction MISS
[bird-dev] [1274/1534] qid=1273 db=thrombosis_prediction MISS
[bird-dev] [1275/1534] qid=1274 db=thrombosis_prediction MISS
[bird-dev] [1276/1534] qid=1275 db=thrombosis_prediction MISS
[bird-dev] [1277/1534] qid=1276 db=thrombosis_prediction MISS
[bird-dev] [1278/1534] qid=1277 db=thrombosis_prediction MISS
[bird-dev] [1279/1534] qid=1278 db=thrombosis_prediction MISS
[bird-dev] [1280/1534] qid=1279 db=thrombosis_prediction MISS
[bird-dev] [1281/1534] qid=1280 db=thrombosis_prediction MISS
[bird-dev] [1282/1534] qid=1281 db=thrombosis_prediction MISS
[bird-dev] [1283/1534] qid=1282 db=thrombosis_prediction MISS
[bird-dev] [1284/1534] qid=1283 db=thrombosis_prediction MISS
[bird-dev] [1285/1534] qid=1284 db=thrombosis_prediction MISS
[bird-dev] [1286/1534] qid=1285 db=thrombosis_prediction MISS
[bird-dev] [1287/1534] qid=1286 db=thrombosis_prediction MISS
[bird-dev] [1288/1534] qid=1287 db=thrombosis_prediction MISS
[bird-dev] [1289/1534] qid=1288 db=thrombosis_prediction MISS
[bird-dev] [1290/1534] qid=1289 db=thrombosis_prediction MISS
[bird-dev] [1291/1534] qid=1290 db=thrombosis_prediction MISS
[bird-dev] [1292/1534] qid=1291 db=thrombosis_prediction MISS
[bird-dev] [1293/1534] qid=1292 db=thrombosis_prediction MISS
[bird-dev] [1294/1534] qid=1293 db=thrombosis_prediction OK
[bird-dev] [1295/1534] qid=1294 db=thrombosis_prediction MISS
[bird-dev] [1296/1534] qid=1295 db=thrombosis_prediction MISS
[bird-dev] [1297/1534] qid=1296 db=thrombosis_prediction OK
[bird-dev] [1298/1534] qid=1297 db=thrombosis_prediction MISS
[bird-dev] [1299/1534] qid=1298 db=thrombosis_prediction MISS
[bird-dev] [1300/1534] qid=1299 db=thrombosis_prediction MISS
[bird-dev] [1301/1534] qid=1300 db=thrombosis_prediction OK
[bird-dev] [1302/1534] qid=1301 db=thrombosis_prediction MISS
[bird-dev] [1303/1534] qid=1302 db=thrombosis_prediction MISS
[bird-dev] [1304/1534] qid=1303 db=thrombosis_prediction MISS
[bird-dev] [1305/1534] qid=1304 db=thrombosis_prediction MISS
[bird-dev] [1306/1534] qid=1305 db=thrombosis_prediction MISS
[bird-dev] [1307/1534] qid=1306 db=thrombosis_prediction MISS
[bird-dev] [1308/1534] qid=1307 db=thrombosis_prediction MISS
[bird-dev] [1309/1534] qid=1308 db=thrombosis_prediction MISS
[bird-dev] [1310/1534] qid=1309 db=thrombosis_prediction MISS
[bird-dev] [1311/1534] qid=1310 db=thrombosis_prediction OK
[bird-dev] [1312/1534] qid=1311 db=thrombosis_prediction MISS
[bird-dev] [1313/1534] qid=1312 db=student_club OK
[bird-dev] [1314/1534] qid=1313 db=student_club OK
[bird-dev] [1315/1534] qid=1314 db=student_club MISS
[bird-dev] [1316/1534] qid=1315 db=student_club MISS
[bird-dev] [1317/1534] qid=1316 db=student_club MISS
[bird-dev] [1318/1534] qid=1317 db=student_club MISS
[bird-dev] [1319/1534] qid=1318 db=student_club MISS
[bird-dev] [1320/1534] qid=1319 db=student_club MISS
[bird-dev] [1321/1534] qid=1320 db=student_club OK
[bird-dev] [1322/1534] qid=1321 db=student_club OK
[bird-dev] [1323/1534] qid=1322 db=student_club MISS
[bird-dev] [1324/1534] qid=1323 db=student_club OK
[bird-dev] [1325/1534] qid=1324 db=student_club MISS
[bird-dev] [1326/1534] qid=1325 db=student_club OK
[bird-dev] [1327/1534] qid=1326 db=student_club OK
[bird-dev] [1328/1534] qid=1327 db=student_club MISS
[bird-dev] [1329/1534] qid=1328 db=student_club OK
[bird-dev] [1330/1534] qid=1329 db=student_club MISS
[bird-dev] [1331/1534] qid=1330 db=student_club OK
[bird-dev] [1332/1534] qid=1331 db=student_club OK
[bird-dev] [1333/1534] qid=1332 db=student_club OK
[bird-dev] [1334/1534] qid=1333 db=student_club MISS
[bird-dev] [1335/1534] qid=1334 db=student_club MISS
[bird-dev] [1336/1534] qid=1335 db=student_club OK
[bird-dev] [1337/1534] qid=1336 db=student_club MISS
[bird-dev] [1338/1534] qid=1337 db=student_club OK
[bird-dev] [1339/1534] qid=1338 db=student_club MISS
[bird-dev] [1340/1534] qid=1339 db=student_club OK
[bird-dev] [1341/1534] qid=1340 db=student_club MISS
[bird-dev] [1342/1534] qid=1341 db=student_club OK
[bird-dev] [1343/1534] qid=1342 db=student_club OK
[bird-dev] [1344/1534] qid=1343 db=student_club OK
[bird-dev] [1345/1534] qid=1344 db=student_club OK
[bird-dev] [1346/1534] qid=1345 db=student_club OK
[bird-dev] [1347/1534] qid=1346 db=student_club OK
[bird-dev] [1348/1534] qid=1347 db=student_club OK
[bird-dev] [1349/1534] qid=1348 db=student_club OK
[bird-dev] [1350/1534] qid=1349 db=student_club OK
[bird-dev] [1351/1534] qid=1350 db=student_club OK
[bird-dev] [1352/1534] qid=1351 db=student_club OK
[bird-dev] [1353/1534] qid=1352 db=student_club OK
[bird-dev] [1354/1534] qid=1353 db=student_club OK
[bird-dev] [1355/1534] qid=1354 db=student_club OK
[bird-dev] [1356/1534] qid=1355 db=student_club OK
[bird-dev] [1357/1534] qid=1356 db=student_club OK
[bird-dev] [1358/1534] qid=1357 db=student_club OK
[bird-dev] [1359/1534] qid=1358 db=student_club MISS
[bird-dev] [1360/1534] qid=1359 db=student_club MISS
[bird-dev] [1361/1534] qid=1360 db=student_club OK
[bird-dev] [1362/1534] qid=1361 db=student_club OK
[bird-dev] [1363/1534] qid=1362 db=student_club MISS
[bird-dev] [1364/1534] qid=1363 db=student_club OK
[bird-dev] [1365/1534] qid=1364 db=student_club OK
[bird-dev] [1366/1534] qid=1365 db=student_club OK
[bird-dev] [1367/1534] qid=1366 db=student_club MISS
[bird-dev] [1368/1534] qid=1367 db=student_club MISS
[bird-dev] [1369/1534] qid=1368 db=student_club OK
[bird-dev] [1370/1534] qid=1369 db=student_club MISS
[bird-dev] [1371/1534] qid=1370 db=student_club MISS
[bird-dev] [1372/1534] qid=1371 db=student_club OK
[bird-dev] [1373/1534] qid=1372 db=student_club OK
[bird-dev] [1374/1534] qid=1373 db=student_club MISS
[bird-dev] [1375/1534] qid=1374 db=student_club MISS
[bird-dev] [1376/1534] qid=1375 db=student_club OK
[bird-dev] [1377/1534] qid=1376 db=student_club MISS
[bird-dev] [1378/1534] qid=1377 db=student_club OK
[bird-dev] [1379/1534] qid=1378 db=student_club OK
[bird-dev] [1380/1534] qid=1379 db=student_club OK
[bird-dev] [1381/1534] qid=1380 db=student_club OK
[bird-dev] [1382/1534] qid=1381 db=student_club OK
[bird-dev] [1383/1534] qid=1382 db=student_club OK
[bird-dev] [1384/1534] qid=1383 db=student_club OK
[bird-dev] [1385/1534] qid=1384 db=student_club MISS
[bird-dev] [1386/1534] qid=1385 db=student_club OK
[bird-dev] [1387/1534] qid=1386 db=student_club MISS
[bird-dev] [1388/1534] qid=1387 db=student_club MISS
[bird-dev] [1389/1534] qid=1388 db=student_club MISS
[bird-dev] [1390/1534] qid=1389 db=student_club MISS
[bird-dev] [1391/1534] qid=1390 db=student_club MISS
[bird-dev] [1392/1534] qid=1391 db=student_club OK
[bird-dev] [1393/1534] qid=1392 db=student_club OK
[bird-dev] [1394/1534] qid=1393 db=student_club MISS
[bird-dev] [1395/1534] qid=1394 db=student_club OK
[bird-dev] [1396/1534] qid=1395 db=student_club OK
[bird-dev] [1397/1534] qid=1396 db=student_club OK
[bird-dev] [1398/1534] qid=1397 db=student_club MISS
[bird-dev] [1399/1534] qid=1398 db=student_club OK
[bird-dev] [1400/1534] qid=1399 db=student_club MISS
[bird-dev] [1401/1534] qid=1400 db=student_club OK
[bird-dev] [1402/1534] qid=1401 db=student_club MISS
[bird-dev] [1403/1534] qid=1402 db=student_club OK
[bird-dev] [1404/1534] qid=1403 db=student_club OK
[bird-dev] [1405/1534] qid=1404 db=student_club MISS
[bird-dev] [1406/1534] qid=1405 db=student_club MISS
[bird-dev] [1407/1534] qid=1406 db=student_club MISS
[bird-dev] [1408/1534] qid=1407 db=student_club MISS
[bird-dev] [1409/1534] qid=1408 db=student_club OK
[bird-dev] [1410/1534] qid=1409 db=student_club OK
[bird-dev] [1411/1534] qid=1410 db=student_club OK
[bird-dev] [1412/1534] qid=1411 db=student_club OK
[bird-dev] [1413/1534] qid=1412 db=student_club OK
[bird-dev] [1414/1534] qid=1413 db=student_club OK
[bird-dev] [1415/1534] qid=1414 db=student_club OK
[bird-dev] [1416/1534] qid=1415 db=student_club OK
[bird-dev] [1417/1534] qid=1416 db=student_club OK
[bird-dev] [1418/1534] qid=1417 db=student_club OK
[bird-dev] [1419/1534] qid=1418 db=student_club MISS
[bird-dev] [1420/1534] qid=1419 db=student_club OK
[bird-dev] [1421/1534] qid=1420 db=student_club OK
[bird-dev] [1422/1534] qid=1421 db=student_club MISS
[bird-dev] [1423/1534] qid=1422 db=student_club OK
[bird-dev] [1424/1534] qid=1423 db=student_club OK
[bird-dev] [1425/1534] qid=1424 db=student_club OK
[bird-dev] [1426/1534] qid=1425 db=student_club OK
[bird-dev] [1427/1534] qid=1426 db=student_club MISS
[bird-dev] [1428/1534] qid=1427 db=student_club MISS
[bird-dev] [1429/1534] qid=1428 db=student_club MISS
[bird-dev] [1430/1534] qid=1429 db=student_club MISS
[bird-dev] [1431/1534] qid=1430 db=student_club OK
[bird-dev] [1432/1534] qid=1431 db=student_club OK
[bird-dev] [1433/1534] qid=1432 db=student_club MISS
[bird-dev] [1434/1534] qid=1433 db=student_club MISS
[bird-dev] [1435/1534] qid=1434 db=student_club OK
[bird-dev] [1436/1534] qid=1435 db=student_club OK
[bird-dev] [1437/1534] qid=1436 db=student_club OK
[bird-dev] [1438/1534] qid=1437 db=student_club MISS
[bird-dev] [1439/1534] qid=1438 db=student_club OK
[bird-dev] [1440/1534] qid=1439 db=student_club MISS
[bird-dev] [1441/1534] qid=1440 db=student_club MISS
[bird-dev] [1442/1534] qid=1441 db=student_club MISS
[bird-dev] [1443/1534] qid=1442 db=student_club OK
[bird-dev] [1444/1534] qid=1443 db=student_club OK
[bird-dev] [1445/1534] qid=1444 db=student_club MISS
[bird-dev] [1446/1534] qid=1445 db=student_club OK
[bird-dev] [1447/1534] qid=1446 db=student_club OK
[bird-dev] [1448/1534] qid=1447 db=student_club OK
[bird-dev] [1449/1534] qid=1448 db=student_club MISS
[bird-dev] [1450/1534] qid=1449 db=student_club MISS
[bird-dev] [1451/1534] qid=1450 db=student_club MISS
[bird-dev] [1452/1534] qid=1451 db=student_club MISS
[bird-dev] [1453/1534] qid=1452 db=student_club MISS
[bird-dev] [1454/1534] qid=1453 db=student_club MISS
[bird-dev] [1455/1534] qid=1454 db=student_club MISS
[bird-dev] [1456/1534] qid=1455 db=student_club MISS
[bird-dev] [1457/1534] qid=1456 db=student_club OK
[bird-dev] [1458/1534] qid=1457 db=student_club OK
[bird-dev] [1459/1534] qid=1458 db=student_club OK
[bird-dev] [1460/1534] qid=1459 db=student_club OK
[bird-dev] [1461/1534] qid=1460 db=student_club OK
[bird-dev] [1462/1534] qid=1461 db=student_club OK
[bird-dev] [1463/1534] qid=1462 db=student_club MISS
[bird-dev] [1464/1534] qid=1463 db=student_club OK
[bird-dev] [1465/1534] qid=1464 db=student_club MISS
[bird-dev] [1466/1534] qid=1465 db=student_club MISS
[bird-dev] [1467/1534] qid=1466 db=student_club OK
[bird-dev] [1468/1534] qid=1467 db=student_club MISS
[bird-dev] [1469/1534] qid=1468 db=student_club OK
[bird-dev] [1470/1534] qid=1469 db=student_club MISS
[bird-dev] [1471/1534] qid=1470 db=debit_card_specializing OK
[bird-dev] [1472/1534] qid=1471 db=debit_card_specializing OK
[bird-dev] [1473/1534] qid=1472 db=debit_card_specializing MISS
[bird-dev] [1474/1534] qid=1473 db=debit_card_specializing OK
[bird-dev] [1475/1534] qid=1474 db=debit_card_specializing OK
[bird-dev] [1476/1534] qid=1475 db=debit_card_specializing MISS
[bird-dev] [1477/1534] qid=1476 db=debit_card_specializing OK
[bird-dev] [1478/1534] qid=1477 db=debit_card_specializing MISS
[bird-dev] [1479/1534] qid=1478 db=debit_card_specializing MISS
[bird-dev] [1480/1534] qid=1479 db=debit_card_specializing MISS
[bird-dev] [1481/1534] qid=1480 db=debit_card_specializing MISS
[bird-dev] [1482/1534] qid=1481 db=debit_card_specializing MISS
[bird-dev] [1483/1534] qid=1482 db=debit_card_specializing MISS
[bird-dev] [1484/1534] qid=1483 db=debit_card_specializing OK
[bird-dev] [1485/1534] qid=1484 db=debit_card_specializing MISS
[bird-dev] [1486/1534] qid=1485 db=debit_card_specializing MISS
[bird-dev] [1487/1534] qid=1486 db=debit_card_specializing MISS
[bird-dev] [1488/1534] qid=1487 db=debit_card_specializing MISS
[bird-dev] [1489/1534] qid=1488 db=debit_card_specializing MISS
[bird-dev] [1490/1534] qid=1489 db=debit_card_specializing MISS
[bird-dev] [1491/1534] qid=1490 db=debit_card_specializing OK
[bird-dev] [1492/1534] qid=1491 db=debit_card_specializing MISS
[bird-dev] [1493/1534] qid=1492 db=debit_card_specializing MISS
[bird-dev] [1494/1534] qid=1493 db=debit_card_specializing OK
[bird-dev] [1495/1534] qid=1494 db=debit_card_specializing MISS
[bird-dev] [1496/1534] qid=1495 db=debit_card_specializing OK
[bird-dev] [1497/1534] qid=1496 db=debit_card_specializing MISS
[bird-dev] [1498/1534] qid=1497 db=debit_card_specializing MISS
[bird-dev] [1499/1534] qid=1498 db=debit_card_specializing MISS
[bird-dev] [1500/1534] qid=1499 db=debit_card_specializing MISS
[bird-dev] [1501/1534] qid=1500 db=debit_card_specializing MISS
[bird-dev] [1502/1534] qid=1501 db=debit_card_specializing MISS
[bird-dev] [1503/1534] qid=1502 db=debit_card_specializing MISS
[bird-dev] [1504/1534] qid=1503 db=debit_card_specializing MISS
[bird-dev] [1505/1534] qid=1504 db=debit_card_specializing OK
[bird-dev] [1506/1534] qid=1505 db=debit_card_specializing MISS
[bird-dev] [1507/1534] qid=1506 db=debit_card_specializing OK
[bird-dev] [1508/1534] qid=1507 db=debit_card_specializing OK
[bird-dev] [1509/1534] qid=1508 db=debit_card_specializing OK
[bird-dev] [1510/1534] qid=1509 db=debit_card_specializing OK
[bird-dev] [1511/1534] qid=1510 db=debit_card_specializing OK
[bird-dev] [1512/1534] qid=1511 db=debit_card_specializing MISS
[bird-dev] [1513/1534] qid=1512 db=debit_card_specializing MISS
[bird-dev] [1514/1534] qid=1513 db=debit_card_specializing OK
[bird-dev] [1515/1534] qid=1514 db=debit_card_specializing MISS
[bird-dev] [1516/1534] qid=1515 db=debit_card_specializing MISS
[bird-dev] [1517/1534] qid=1516 db=debit_card_specializing MISS
[bird-dev] [1518/1534] qid=1517 db=debit_card_specializing MISS
[bird-dev] [1519/1534] qid=1518 db=debit_card_specializing MISS
[bird-dev] [1520/1534] qid=1519 db=debit_card_specializing OK
[bird-dev] [1521/1534] qid=1520 db=debit_card_specializing MISS
[bird-dev] [1522/1534] qid=1521 db=debit_card_specializing MISS
[bird-dev] [1523/1534] qid=1522 db=debit_card_specializing OK
[bird-dev] [1524/1534] qid=1523 db=debit_card_specializing MISS
[bird-dev] [1525/1534] qid=1524 db=debit_card_specializing MISS
[bird-dev] [1526/1534] qid=1525 db=debit_card_specializing MISS
[bird-dev] [1527/1534] qid=1526 db=debit_card_specializing MISS
[bird-dev] [1528/1534] qid=1527 db=debit_card_specializing MISS
[bird-dev] [1529/1534] qid=1528 db=debit_card_specializing MISS
[bird-dev] [1530/1534] qid=1529 db=debit_card_specializing MISS
[bird-dev] [1531/1534] qid=1530 db=debit_card_specializing MISS
[bird-dev] [1532/1534] qid=1531 db=debit_card_specializing MISS
[bird-dev] [1533/1534] qid=1532 db=debit_card_specializing OK
[bird-dev] [1534/1534] qid=1533 db=debit_card_specializing OK

[bird-dev] DONE. Execution Accuracy (EX): 584/1534 = 38.07%
=== ALL DONE (Tue Sep  8 12:01:04 EDT 2026) ===
